###############################################################################
#
# IAR ELF Linker V9.70.2.500/W64 for ARM                  15/Dec/2025  17:24:52
# Copyright 2007-2025 IAR Systems AB.
#
#    Output file  =
#        C:\Users\a5134085\Desktop\r01an6603xx0210-rzn2l_ethernetip_opener_package\project\rzn2l_rsk\CR52\ewarm\xSPI0\opener_single\Debug\Exe\RZN2L_RSK_OpENer_single.out
#    Map file     =
#        C:\Users\a5134085\Desktop\r01an6603xx0210-rzn2l_ethernetip_opener_package\project\rzn2l_rsk\CR52\ewarm\xSPI0\opener_single\Debug\List\RZN2L_RSK_OpENer_single.map
#    Command line =
#        -f
#        C:\Users\a5134085\Desktop\r01an6603xx0210-rzn2l_ethernetip_opener_package\project\rzn2l_rsk\CR52\ewarm\xSPI0\opener_single\Debug\Exe\RZN2L_RSK_OpENer_single.out.rsp
#        (C:\Users\a5134085\Desktop\r01an6603xx0210-rzn2l_ethernetip_opener_package\project\rzn2l_rsk\CR52\ewarm\xSPI0\opener_single\Debug\Obj\ipv4_3278815491278556079.dir\acd.o
#        C:\Users\a5134085\Desktop\r01an6603xx0210-rzn2l_ethernetip_opener_package\project\rzn2l_rsk\CR52\ewarm\xSPI0\opener_single\Debug\Obj\core_6552084633726456197.dir\altcp.o
#        C:\Users\a5134085\Desktop\r01an6603xx0210-rzn2l_ethernetip_opener_package\project\rzn2l_rsk\CR52\ewarm\xSPI0\opener_single\Debug\Obj\core_6552084633726456197.dir\altcp_alloc.o
#        C:\Users\a5134085\Desktop\r01an6603xx0210-rzn2l_ethernetip_opener_package\project\rzn2l_rsk\CR52\ewarm\xSPI0\opener_single\Debug\Obj\core_6552084633726456197.dir\altcp_tcp.o
#        C:\Users\a5134085\Desktop\r01an6603xx0210-rzn2l_ethernetip_opener_package\project\rzn2l_rsk\CR52\ewarm\xSPI0\opener_single\Debug\Obj\api_2541802280061515766.dir\api_lib.o
#        C:\Users\a5134085\Desktop\r01an6603xx0210-rzn2l_ethernetip_opener_package\project\rzn2l_rsk\CR52\ewarm\xSPI0\opener_single\Debug\Obj\api_2541802280061515766.dir\api_msg.o
#        C:\Users\a5134085\Desktop\r01an6603xx0210-rzn2l_ethernetip_opener_package\project\rzn2l_rsk\CR52\ewarm\xSPI0\opener_single\Debug\Obj\cip_2391109551968270175.dir\appcontype.o
#        C:\Users\a5134085\Desktop\r01an6603xx0210-rzn2l_ethernetip_opener_package\project\rzn2l_rsk\CR52\ewarm\xSPI0\opener_single\Debug\Obj\polarssl_8806538889189738793.dir\arc4.o
#        C:\Users\a5134085\Desktop\r01an6603xx0210-rzn2l_ethernetip_opener_package\project\rzn2l_rsk\CR52\ewarm\xSPI0\opener_single\Debug\Obj\ppp_90132744967425518.dir\auth.o
#        C:\Users\a5134085\Desktop\r01an6603xx0210-rzn2l_ethernetip_opener_package\project\rzn2l_rsk\CR52\ewarm\xSPI0\opener_single\Debug\Obj\ipv4_3278815491278556079.dir\autoip.o
#        C:\Users\a5134085\Desktop\r01an6603xx0210-rzn2l_ethernetip_opener_package\project\rzn2l_rsk\CR52\ewarm\xSPI0\opener_single\Debug\Obj\Components_1604507766316068082.dir\board_init.o
#        C:\Users\a5134085\Desktop\r01an6603xx0210-rzn2l_ethernetip_opener_package\project\rzn2l_rsk\CR52\ewarm\xSPI0\opener_single\Debug\Obj\Components_1604507766316068082.dir\board_leds.o
#        C:\Users\a5134085\Desktop\r01an6603xx0210-rzn2l_ethernetip_opener_package\project\rzn2l_rsk\CR52\ewarm\xSPI0\opener_single\Debug\Obj\netif_2854332287049972544.dir\bridgeif.o
#        C:\Users\a5134085\Desktop\r01an6603xx0210-rzn2l_ethernetip_opener_package\project\rzn2l_rsk\CR52\ewarm\xSPI0\opener_single\Debug\Obj\netif_2854332287049972544.dir\bridgeif_fdb.o
#        C:\Users\a5134085\Desktop\r01an6603xx0210-rzn2l_ethernetip_opener_package\project\rzn2l_rsk\CR52\ewarm\xSPI0\opener_single\Debug\Obj\Components_1604507766316068082.dir\bsp_address_expander.o
#        C:\Users\a5134085\Desktop\r01an6603xx0210-rzn2l_ethernetip_opener_package\project\rzn2l_rsk\CR52\ewarm\xSPI0\opener_single\Debug\Obj\Components_1604507766316068082.dir\bsp_cache.o
#        C:\Users\a5134085\Desktop\r01an6603xx0210-rzn2l_ethernetip_opener_package\project\rzn2l_rsk\CR52\ewarm\xSPI0\opener_single\Debug\Obj\Components_1604507766316068082.dir\bsp_cache_core.o
#        C:\Users\a5134085\Desktop\r01an6603xx0210-rzn2l_ethernetip_opener_package\project\rzn2l_rsk\CR52\ewarm\xSPI0\opener_single\Debug\Obj\Components_1604507766316068082.dir\bsp_clocks.o
#        C:\Users\a5134085\Desktop\r01an6603xx0210-rzn2l_ethernetip_opener_package\project\rzn2l_rsk\CR52\ewarm\xSPI0\opener_single\Debug\Obj\Components_1604507766316068082.dir\bsp_common.o
#        C:\Users\a5134085\Desktop\r01an6603xx0210-rzn2l_ethernetip_opener_package\project\rzn2l_rsk\CR52\ewarm\xSPI0\opener_single\Debug\Obj\Components_1604507766316068082.dir\bsp_ddr.o
#        C:\Users\a5134085\Desktop\r01an6603xx0210-rzn2l_ethernetip_opener_package\project\rzn2l_rsk\CR52\ewarm\xSPI0\opener_single\Debug\Obj\Components_1604507766316068082.dir\bsp_ddr_fw_param.o
#        C:\Users\a5134085\Desktop\r01an6603xx0210-rzn2l_ethernetip_opener_package\project\rzn2l_rsk\CR52\ewarm\xSPI0\opener_single\Debug\Obj\Components_1604507766316068082.dir\bsp_delay.o
#        C:\Users\a5134085\Desktop\r01an6603xx0210-rzn2l_ethernetip_opener_package\project\rzn2l_rsk\CR52\ewarm\xSPI0\opener_single\Debug\Obj\Components_1604507766316068082.dir\bsp_delay_core.o
#        C:\Users\a5134085\Desktop\r01an6603xx0210-rzn2l_ethernetip_opener_package\project\rzn2l_rsk\CR52\ewarm\xSPI0\opener_single\Debug\Obj\Components_1604507766316068082.dir\bsp_io.o
#        C:\Users\a5134085\Desktop\r01an6603xx0210-rzn2l_ethernetip_opener_package\project\rzn2l_rsk\CR52\ewarm\xSPI0\opener_single\Debug\Obj\Components_1604507766316068082.dir\bsp_irq.o
#        C:\Users\a5134085\Desktop\r01an6603xx0210-rzn2l_ethernetip_opener_package\project\rzn2l_rsk\CR52\ewarm\xSPI0\opener_single\Debug\Obj\Components_1604507766316068082.dir\bsp_irq_core.o
#        C:\Users\a5134085\Desktop\r01an6603xx0210-rzn2l_ethernetip_opener_package\project\rzn2l_rsk\CR52\ewarm\xSPI0\opener_single\Debug\Obj\Components_1604507766316068082.dir\bsp_irq_sense.o
#        C:\Users\a5134085\Desktop\r01an6603xx0210-rzn2l_ethernetip_opener_package\project\rzn2l_rsk\CR52\ewarm\xSPI0\opener_single\Debug\Obj\Components_1604507766316068082.dir\bsp_loader_param.o
#        C:\Users\a5134085\Desktop\r01an6603xx0210-rzn2l_ethernetip_opener_package\project\rzn2l_rsk\CR52\ewarm\xSPI0\opener_single\Debug\Obj\Components_1604507766316068082.dir\bsp_register_protection.o
#        C:\Users\a5134085\Desktop\r01an6603xx0210-rzn2l_ethernetip_opener_package\project\rzn2l_rsk\CR52\ewarm\xSPI0\opener_single\Debug\Obj\Components_1604507766316068082.dir\bsp_reset.o
#        C:\Users\a5134085\Desktop\r01an6603xx0210-rzn2l_ethernetip_opener_package\project\rzn2l_rsk\CR52\ewarm\xSPI0\opener_single\Debug\Obj\Components_1604507766316068082.dir\bsp_sbrk.o
#        C:\Users\a5134085\Desktop\r01an6603xx0210-rzn2l_ethernetip_opener_package\project\rzn2l_rsk\CR52\ewarm\xSPI0\opener_single\Debug\Obj\Components_1604507766316068082.dir\bsp_semaphore.o
#        C:\Users\a5134085\Desktop\r01an6603xx0210-rzn2l_ethernetip_opener_package\project\rzn2l_rsk\CR52\ewarm\xSPI0\opener_single\Debug\Obj\Components_1604507766316068082.dir\bsp_slave_stop.o
#        C:\Users\a5134085\Desktop\r01an6603xx0210-rzn2l_ethernetip_opener_package\project\rzn2l_rsk\CR52\ewarm\xSPI0\opener_single\Debug\Obj\Components_1604507766316068082.dir\bsp_tzc400.o
#        C:\Users\a5134085\Desktop\r01an6603xx0210-rzn2l_ethernetip_opener_package\project\rzn2l_rsk\CR52\ewarm\xSPI0\opener_single\Debug\Obj\ppp_90132744967425518.dir\ccp.o
#        C:\Users\a5134085\Desktop\r01an6603xx0210-rzn2l_ethernetip_opener_package\project\rzn2l_rsk\CR52\ewarm\xSPI0\opener_single\Debug\Obj\ppp_90132744967425518.dir\chap-md5.o
#        C:\Users\a5134085\Desktop\r01an6603xx0210-rzn2l_ethernetip_opener_package\project\rzn2l_rsk\CR52\ewarm\xSPI0\opener_single\Debug\Obj\ppp_90132744967425518.dir\chap-new.o
#        C:\Users\a5134085\Desktop\r01an6603xx0210-rzn2l_ethernetip_opener_package\project\rzn2l_rsk\CR52\ewarm\xSPI0\opener_single\Debug\Obj\ppp_90132744967425518.dir\chap_ms.o
#        C:\Users\a5134085\Desktop\r01an6603xx0210-rzn2l_ethernetip_opener_package\project\rzn2l_rsk\CR52\ewarm\xSPI0\opener_single\Debug\Obj\cip_safety_157284552815217082.dir\cip_safety_sci.o
#        C:\Users\a5134085\Desktop\r01an6603xx0210-rzn2l_ethernetip_opener_package\project\rzn2l_rsk\CR52\ewarm\xSPI0\opener_single\Debug\Obj\cip_2391109551968270175.dir\cipassembly.o
#        C:\Users\a5134085\Desktop\r01an6603xx0210-rzn2l_ethernetip_opener_package\project\rzn2l_rsk\CR52\ewarm\xSPI0\opener_single\Debug\Obj\cip_2391109551968270175.dir\cipclass3connection.o
#        C:\Users\a5134085\Desktop\r01an6603xx0210-rzn2l_ethernetip_opener_package\project\rzn2l_rsk\CR52\ewarm\xSPI0\opener_single\Debug\Obj\cip_2391109551968270175.dir\cipcommon.o
#        C:\Users\a5134085\Desktop\r01an6603xx0210-rzn2l_ethernetip_opener_package\project\rzn2l_rsk\CR52\ewarm\xSPI0\opener_single\Debug\Obj\cip_2391109551968270175.dir\cipconnectionmanager.o
#        C:\Users\a5134085\Desktop\r01an6603xx0210-rzn2l_ethernetip_opener_package\project\rzn2l_rsk\CR52\ewarm\xSPI0\opener_single\Debug\Obj\cip_2391109551968270175.dir\cipconnectionobject.o
#        C:\Users\a5134085\Desktop\r01an6603xx0210-rzn2l_ethernetip_opener_package\project\rzn2l_rsk\CR52\ewarm\xSPI0\opener_single\Debug\Obj\cip_2391109551968270175.dir\cipdlr.o
#        C:\Users\a5134085\Desktop\r01an6603xx0210-rzn2l_ethernetip_opener_package\project\rzn2l_rsk\CR52\ewarm\xSPI0\opener_single\Debug\Obj\cip_2391109551968270175.dir\cipelectronickey.o
#        C:\Users\a5134085\Desktop\r01an6603xx0210-rzn2l_ethernetip_opener_package\project\rzn2l_rsk\CR52\ewarm\xSPI0\opener_single\Debug\Obj\cip_2391109551968270175.dir\cipepath.o
#        C:\Users\a5134085\Desktop\r01an6603xx0210-rzn2l_ethernetip_opener_package\project\rzn2l_rsk\CR52\ewarm\xSPI0\opener_single\Debug\Obj\cip_2391109551968270175.dir\cipethernetlink.o
#        C:\Users\a5134085\Desktop\r01an6603xx0210-rzn2l_ethernetip_opener_package\project\rzn2l_rsk\CR52\ewarm\xSPI0\opener_single\Debug\Obj\cip_2391109551968270175.dir\cipidentity.o
#        C:\Users\a5134085\Desktop\r01an6603xx0210-rzn2l_ethernetip_opener_package\project\rzn2l_rsk\CR52\ewarm\xSPI0\opener_single\Debug\Obj\cip_2391109551968270175.dir\cipioconnection.o
#        C:\Users\a5134085\Desktop\r01an6603xx0210-rzn2l_ethernetip_opener_package\project\rzn2l_rsk\CR52\ewarm\xSPI0\opener_single\Debug\Obj\cip_2391109551968270175.dir\ciplldpdatatable.o
#        C:\Users\a5134085\Desktop\r01an6603xx0210-rzn2l_ethernetip_opener_package\project\rzn2l_rsk\CR52\ewarm\xSPI0\opener_single\Debug\Obj\cip_2391109551968270175.dir\ciplldpmanagement.o
#        C:\Users\a5134085\Desktop\r01an6603xx0210-rzn2l_ethernetip_opener_package\project\rzn2l_rsk\CR52\ewarm\xSPI0\opener_single\Debug\Obj\cip_2391109551968270175.dir\cipmessagerouter.o
#        C:\Users\a5134085\Desktop\r01an6603xx0210-rzn2l_ethernetip_opener_package\project\rzn2l_rsk\CR52\ewarm\xSPI0\opener_single\Debug\Obj\cip_2391109551968270175.dir\cipqos.o
#        C:\Users\a5134085\Desktop\r01an6603xx0210-rzn2l_ethernetip_opener_package\project\rzn2l_rsk\CR52\ewarm\xSPI0\opener_single\Debug\Obj\cip_2391109551968270175.dir\cipsafetyanaloginputpoint.o
#        C:\Users\a5134085\Desktop\r01an6603xx0210-rzn2l_ethernetip_opener_package\project\rzn2l_rsk\CR52\ewarm\xSPI0\opener_single\Debug\Obj\cip_2391109551968270175.dir\cipsafetyanalogoutputpoint.o
#        C:\Users\a5134085\Desktop\r01an6603xx0210-rzn2l_ethernetip_opener_package\project\rzn2l_rsk\CR52\ewarm\xSPI0\opener_single\Debug\Obj\cip_2391109551968270175.dir\cipsafetysupervisor.o
#        C:\Users\a5134085\Desktop\r01an6603xx0210-rzn2l_ethernetip_opener_package\project\rzn2l_rsk\CR52\ewarm\xSPI0\opener_single\Debug\Obj\cip_2391109551968270175.dir\cipsafetyvalidator.o
#        C:\Users\a5134085\Desktop\r01an6603xx0210-rzn2l_ethernetip_opener_package\project\rzn2l_rsk\CR52\ewarm\xSPI0\opener_single\Debug\Obj\cip_2391109551968270175.dir\cipstring.o
#        C:\Users\a5134085\Desktop\r01an6603xx0210-rzn2l_ethernetip_opener_package\project\rzn2l_rsk\CR52\ewarm\xSPI0\opener_single\Debug\Obj\cip_2391109551968270175.dir\ciptcpipinterface.o
#        "C:\Users\a5134085\Desktop\r01an6603xx0210-rzn2l_ethernetip_opener_package\project\rzn2l_rsk\CR52\ewarm\xSPI0\opener_single\Debug\Obj\Generated
#        Data_10512379876834115868.dir\common_data.o"
#        C:\Users\a5134085\Desktop\r01an6603xx0210-rzn2l_ethernetip_opener_package\project\rzn2l_rsk\CR52\ewarm\xSPI0\opener_single\Debug\Obj\enet_encap_14773694456473567121.dir\cpf.o
#        C:\Users\a5134085\Desktop\r01an6603xx0210-rzn2l_ethernetip_opener_package\project\rzn2l_rsk\CR52\ewarm\xSPI0\opener_single\Debug\Obj\core_6552084633726456197.dir\def.o
#        C:\Users\a5134085\Desktop\r01an6603xx0210-rzn2l_ethernetip_opener_package\project\rzn2l_rsk\CR52\ewarm\xSPI0\opener_single\Debug\Obj\ppp_90132744967425518.dir\demand.o
#        C:\Users\a5134085\Desktop\r01an6603xx0210-rzn2l_ethernetip_opener_package\project\rzn2l_rsk\CR52\ewarm\xSPI0\opener_single\Debug\Obj\polarssl_8806538889189738793.dir\des.o
#        C:\Users\a5134085\Desktop\r01an6603xx0210-rzn2l_ethernetip_opener_package\project\rzn2l_rsk\CR52\ewarm\xSPI0\opener_single\Debug\Obj\ipv4_3278815491278556079.dir\dhcp.o
#        C:\Users\a5134085\Desktop\r01an6603xx0210-rzn2l_ethernetip_opener_package\project\rzn2l_rsk\CR52\ewarm\xSPI0\opener_single\Debug\Obj\core_6552084633726456197.dir\dns.o
#        C:\Users\a5134085\Desktop\r01an6603xx0210-rzn2l_ethernetip_opener_package\project\rzn2l_rsk\CR52\ewarm\xSPI0\opener_single\Debug\Obj\utils_11158544238594103396.dir\doublylinkedlist.o
#        C:\Users\a5134085\Desktop\r01an6603xx0210-rzn2l_ethernetip_opener_package\project\rzn2l_rsk\CR52\ewarm\xSPI0\opener_single\Debug\Obj\ppp_90132744967425518.dir\eap.o
#        C:\Users\a5134085\Desktop\r01an6603xx0210-rzn2l_ethernetip_opener_package\project\rzn2l_rsk\CR52\ewarm\xSPI0\opener_single\Debug\Obj\ppp_90132744967425518.dir\ecp.o
#        C:\Users\a5134085\Desktop\r01an6603xx0210-rzn2l_ethernetip_opener_package\project\rzn2l_rsk\CR52\ewarm\xSPI0\opener_single\Debug\Obj\enet_encap_14773694456473567121.dir\encap.o
#        C:\Users\a5134085\Desktop\r01an6603xx0210-rzn2l_ethernetip_opener_package\project\rzn2l_rsk\CR52\ewarm\xSPI0\opener_single\Debug\Obj\enet_encap_14773694456473567121.dir\endianconv.o
#        C:\Users\a5134085\Desktop\r01an6603xx0210-rzn2l_ethernetip_opener_package\project\rzn2l_rsk\CR52\ewarm\xSPI0\opener_single\Debug\Obj\utils_11158544238594103396.dir\enipmessage.o
#        C:\Users\a5134085\Desktop\r01an6603xx0210-rzn2l_ethernetip_opener_package\project\rzn2l_rsk\CR52\ewarm\xSPI0\opener_single\Debug\Obj\api_2541802280061515766.dir\err.o
#        C:\Users\a5134085\Desktop\r01an6603xx0210-rzn2l_ethernetip_opener_package\project\rzn2l_rsk\CR52\ewarm\xSPI0\opener_single\Debug\Obj\ipv4_3278815491278556079.dir\etharp.o
#        C:\Users\a5134085\Desktop\r01an6603xx0210-rzn2l_ethernetip_opener_package\project\rzn2l_rsk\CR52\ewarm\xSPI0\opener_single\Debug\Obj\netif_2854332287049972544.dir\ethernet.o
#        C:\Users\a5134085\Desktop\r01an6603xx0210-rzn2l_ethernetip_opener_package\project\rzn2l_rsk\CR52\ewarm\xSPI0\opener_single\Debug\Obj\ppp_90132744967425518.dir\eui64.o
#        C:\Users\a5134085\Desktop\r01an6603xx0210-rzn2l_ethernetip_opener_package\project\rzn2l_rsk\CR52\ewarm\xSPI0\opener_single\Debug\Obj\Components_1604507766316068082.dir\event_groups.o
#        C:\Users\a5134085\Desktop\r01an6603xx0210-rzn2l_ethernetip_opener_package\project\rzn2l_rsk\CR52\ewarm\xSPI0\opener_single\Debug\Obj\ppp_90132744967425518.dir\fsm.o
#        "C:\Users\a5134085\Desktop\r01an6603xx0210-rzn2l_ethernetip_opener_package\project\rzn2l_rsk\CR52\ewarm\xSPI0\opener_single\Debug\Obj\Generated
#        Data_10512379876834115868.dir\hal_data.o"
#        "C:\Users\a5134085\Desktop\r01an6603xx0210-rzn2l_ethernetip_opener_package\project\rzn2l_rsk\CR52\ewarm\xSPI0\opener_single\Debug\Obj\Program
#        Entry_7190525443123924260.dir\hal_entry.o"
#        C:\Users\a5134085\Desktop\r01an6603xx0210-rzn2l_ethernetip_opener_package\project\rzn2l_rsk\CR52\ewarm\xSPI0\opener_single\Debug\Obj\Components_1604507766316068082.dir\heap_4.o
#        C:\Users\a5134085\Desktop\r01an6603xx0210-rzn2l_ethernetip_opener_package\project\rzn2l_rsk\CR52\ewarm\xSPI0\opener_single\Debug\Obj\ipv4_3278815491278556079.dir\icmp.o
#        C:\Users\a5134085\Desktop\r01an6603xx0210-rzn2l_ethernetip_opener_package\project\rzn2l_rsk\CR52\ewarm\xSPI0\opener_single\Debug\Obj\api_2541802280061515766.dir\if_api.o
#        C:\Users\a5134085\Desktop\r01an6603xx0210-rzn2l_ethernetip_opener_package\project\rzn2l_rsk\CR52\ewarm\xSPI0\opener_single\Debug\Obj\ipv4_3278815491278556079.dir\igmp.o
#        C:\Users\a5134085\Desktop\r01an6603xx0210-rzn2l_ethernetip_opener_package\project\rzn2l_rsk\CR52\ewarm\xSPI0\opener_single\Debug\Obj\core_6552084633726456197.dir\inet_chksum.o
#        C:\Users\a5134085\Desktop\r01an6603xx0210-rzn2l_ethernetip_opener_package\project\rzn2l_rsk\CR52\ewarm\xSPI0\opener_single\Debug\Obj\core_6552084633726456197.dir\init.o
#        C:\Users\a5134085\Desktop\r01an6603xx0210-rzn2l_ethernetip_opener_package\project\rzn2l_rsk\CR52\ewarm\xSPI0\opener_single\Debug\Obj\core_6552084633726456197.dir\ip.o
#        C:\Users\a5134085\Desktop\r01an6603xx0210-rzn2l_ethernetip_opener_package\project\rzn2l_rsk\CR52\ewarm\xSPI0\opener_single\Debug\Obj\ipv4_3278815491278556079.dir\ip4.o
#        C:\Users\a5134085\Desktop\r01an6603xx0210-rzn2l_ethernetip_opener_package\project\rzn2l_rsk\CR52\ewarm\xSPI0\opener_single\Debug\Obj\ipv4_3278815491278556079.dir\ip4_addr.o
#        C:\Users\a5134085\Desktop\r01an6603xx0210-rzn2l_ethernetip_opener_package\project\rzn2l_rsk\CR52\ewarm\xSPI0\opener_single\Debug\Obj\ipv4_3278815491278556079.dir\ip4_frag.o
#        C:\Users\a5134085\Desktop\r01an6603xx0210-rzn2l_ethernetip_opener_package\project\rzn2l_rsk\CR52\ewarm\xSPI0\opener_single\Debug\Obj\ppp_90132744967425518.dir\ipcp.o
#        C:\Users\a5134085\Desktop\r01an6603xx0210-rzn2l_ethernetip_opener_package\project\rzn2l_rsk\CR52\ewarm\xSPI0\opener_single\Debug\Obj\ppp_90132744967425518.dir\ipv6cp.o
#        C:\Users\a5134085\Desktop\r01an6603xx0210-rzn2l_ethernetip_opener_package\project\rzn2l_rsk\CR52\ewarm\xSPI0\opener_single\Debug\Obj\ppp_90132744967425518.dir\lcp.o
#        C:\Users\a5134085\Desktop\r01an6603xx0210-rzn2l_ethernetip_opener_package\project\rzn2l_rsk\CR52\ewarm\xSPI0\opener_single\Debug\Obj\Components_1604507766316068082.dir\list.o
#        C:\Users\a5134085\Desktop\r01an6603xx0210-rzn2l_ethernetip_opener_package\project\rzn2l_rsk\CR52\ewarm\xSPI0\opener_single\Debug\Obj\snmp_private_mib_11307279147771871451.dir\lldp-ext-odva-v01.o
#        C:\Users\a5134085\Desktop\r01an6603xx0210-rzn2l_ethernetip_opener_package\project\rzn2l_rsk\CR52\ewarm\xSPI0\opener_single\Debug\Obj\snmp_private_mib_11307279147771871451.dir\lldp-mib.o
#        C:\Users\a5134085\Desktop\r01an6603xx0210-rzn2l_ethernetip_opener_package\project\rzn2l_rsk\CR52\ewarm\xSPI0\opener_single\Debug\Obj\netif_2854332287049972544.dir\lowpan6.o
#        C:\Users\a5134085\Desktop\r01an6603xx0210-rzn2l_ethernetip_opener_package\project\rzn2l_rsk\CR52\ewarm\xSPI0\opener_single\Debug\Obj\netif_2854332287049972544.dir\lowpan6_ble.o
#        C:\Users\a5134085\Desktop\r01an6603xx0210-rzn2l_ethernetip_opener_package\project\rzn2l_rsk\CR52\ewarm\xSPI0\opener_single\Debug\Obj\netif_2854332287049972544.dir\lowpan6_common.o
#        C:\Users\a5134085\Desktop\r01an6603xx0210-rzn2l_ethernetip_opener_package\project\rzn2l_rsk\CR52\ewarm\xSPI0\opener_single\Debug\Obj\lwip_lldp_3439130842454350798.dir\lwip_lldp.o
#        C:\Users\a5134085\Desktop\r01an6603xx0210-rzn2l_ethernetip_opener_package\project\rzn2l_rsk\CR52\ewarm\xSPI0\opener_single\Debug\Obj\lwip_lldp_3439130842454350798.dir\lwip_lldp_interface.o
#        C:\Users\a5134085\Desktop\r01an6603xx0210-rzn2l_ethernetip_opener_package\project\rzn2l_rsk\CR52\ewarm\xSPI0\opener_single\Debug\Obj\lwip_lldp_3439130842454350798.dir\lwip_lldp_oui.o
#        C:\Users\a5134085\Desktop\r01an6603xx0210-rzn2l_ethernetip_opener_package\project\rzn2l_rsk\CR52\ewarm\xSPI0\opener_single\Debug\Obj\lwip_lldp_3439130842454350798.dir\lwip_lldp_receive.o
#        C:\Users\a5134085\Desktop\r01an6603xx0210-rzn2l_ethernetip_opener_package\project\rzn2l_rsk\CR52\ewarm\xSPI0\opener_single\Debug\Obj\lwip_lldp_3439130842454350798.dir\lwip_lldp_transmit.o
#        C:\Users\a5134085\Desktop\r01an6603xx0210-rzn2l_ethernetip_opener_package\project\rzn2l_rsk\CR52\ewarm\xSPI0\opener_single\Debug\Obj\ppp_90132744967425518.dir\magic.o
#        "C:\Users\a5134085\Desktop\r01an6603xx0210-rzn2l_ethernetip_opener_package\project\rzn2l_rsk\CR52\ewarm\xSPI0\opener_single\Debug\Obj\Generated
#        Data_10512379876834115868.dir\main.o"
#        "C:\Users\a5134085\Desktop\r01an6603xx0210-rzn2l_ethernetip_opener_package\project\rzn2l_rsk\CR52\ewarm\xSPI0\opener_single\Debug\Obj\Generated
#        Data_10512379876834115868.dir\main_thread.o"
#        "C:\Users\a5134085\Desktop\r01an6603xx0210-rzn2l_ethernetip_opener_package\project\rzn2l_rsk\CR52\ewarm\xSPI0\opener_single\Debug\Obj\Program
#        Entry_7190525443123924260.dir\main_thread_entry.o"
#        C:\Users\a5134085\Desktop\r01an6603xx0210-rzn2l_ethernetip_opener_package\project\rzn2l_rsk\CR52\ewarm\xSPI0\opener_single\Debug\Obj\polarssl_8806538889189738793.dir\md4.o
#        C:\Users\a5134085\Desktop\r01an6603xx0210-rzn2l_ethernetip_opener_package\project\rzn2l_rsk\CR52\ewarm\xSPI0\opener_single\Debug\Obj\polarssl_8806538889189738793.dir\md5.o
#        C:\Users\a5134085\Desktop\r01an6603xx0210-rzn2l_ethernetip_opener_package\project\rzn2l_rsk\CR52\ewarm\xSPI0\opener_single\Debug\Obj\core_6552084633726456197.dir\mem.o
#        C:\Users\a5134085\Desktop\r01an6603xx0210-rzn2l_ethernetip_opener_package\project\rzn2l_rsk\CR52\ewarm\xSPI0\opener_single\Debug\Obj\core_6552084633726456197.dir\memp.o
#        C:\Users\a5134085\Desktop\r01an6603xx0210-rzn2l_ethernetip_opener_package\project\rzn2l_rsk\CR52\ewarm\xSPI0\opener_single\Debug\Obj\ppp_90132744967425518.dir\mppe.o
#        C:\Users\a5134085\Desktop\r01an6603xx0210-rzn2l_ethernetip_opener_package\project\rzn2l_rsk\CR52\ewarm\xSPI0\opener_single\Debug\Obj\ppp_90132744967425518.dir\multilink.o
#        C:\Users\a5134085\Desktop\r01an6603xx0210-rzn2l_ethernetip_opener_package\project\rzn2l_rsk\CR52\ewarm\xSPI0\opener_single\Debug\Obj\api_2541802280061515766.dir\netbuf.o
#        C:\Users\a5134085\Desktop\r01an6603xx0210-rzn2l_ethernetip_opener_package\project\rzn2l_rsk\CR52\ewarm\xSPI0\opener_single\Debug\Obj\api_2541802280061515766.dir\netdb.o
#        C:\Users\a5134085\Desktop\r01an6603xx0210-rzn2l_ethernetip_opener_package\project\rzn2l_rsk\CR52\ewarm\xSPI0\opener_single\Debug\Obj\core_6552084633726456197.dir\netif.o
#        C:\Users\a5134085\Desktop\r01an6603xx0210-rzn2l_ethernetip_opener_package\project\rzn2l_rsk\CR52\ewarm\xSPI0\opener_single\Debug\Obj\api_2541802280061515766.dir\netifapi.o
#        C:\Users\a5134085\Desktop\r01an6603xx0210-rzn2l_ethernetip_opener_package\project\rzn2l_rsk\CR52\ewarm\xSPI0\opener_single\Debug\Obj\application_12919719396149713729.dir\opener_port_instance.o
#        C:\Users\a5134085\Desktop\r01an6603xx0210-rzn2l_ethernetip_opener_package\project\rzn2l_rsk\CR52\ewarm\xSPI0\opener_single\Debug\Obj\application_12919719396149713729.dir\opener_port_main.o
#        C:\Users\a5134085\Desktop\r01an6603xx0210-rzn2l_ethernetip_opener_package\project\rzn2l_rsk\CR52\ewarm\xSPI0\opener_single\Debug\Obj\core_6552084633726456197.dir\pbuf.o
#        "C:\Users\a5134085\Desktop\r01an6603xx0210-rzn2l_ethernetip_opener_package\project\rzn2l_rsk\CR52\ewarm\xSPI0\opener_single\Debug\Obj\Generated
#        Data_10512379876834115868.dir\pin_data.o"
#        C:\Users\a5134085\Desktop\r01an6603xx0210-rzn2l_ethernetip_opener_package\project\rzn2l_rsk\CR52\ewarm\xSPI0\opener_single\Debug\Obj\Components_1604507766316068082.dir\port.o
#        C:\Users\a5134085\Desktop\r01an6603xx0210-rzn2l_ethernetip_opener_package\project\rzn2l_rsk\CR52\ewarm\xSPI0\opener_single\Debug\Obj\ppp_90132744967425518.dir\ppp.o
#        C:\Users\a5134085\Desktop\r01an6603xx0210-rzn2l_ethernetip_opener_package\project\rzn2l_rsk\CR52\ewarm\xSPI0\opener_single\Debug\Obj\ppp_90132744967425518.dir\pppapi.o
#        C:\Users\a5134085\Desktop\r01an6603xx0210-rzn2l_ethernetip_opener_package\project\rzn2l_rsk\CR52\ewarm\xSPI0\opener_single\Debug\Obj\ppp_90132744967425518.dir\pppcrypt.o
#        C:\Users\a5134085\Desktop\r01an6603xx0210-rzn2l_ethernetip_opener_package\project\rzn2l_rsk\CR52\ewarm\xSPI0\opener_single\Debug\Obj\ppp_90132744967425518.dir\pppoe.o
#        C:\Users\a5134085\Desktop\r01an6603xx0210-rzn2l_ethernetip_opener_package\project\rzn2l_rsk\CR52\ewarm\xSPI0\opener_single\Debug\Obj\ppp_90132744967425518.dir\pppol2tp.o
#        C:\Users\a5134085\Desktop\r01an6603xx0210-rzn2l_ethernetip_opener_package\project\rzn2l_rsk\CR52\ewarm\xSPI0\opener_single\Debug\Obj\ppp_90132744967425518.dir\pppos.o
#        C:\Users\a5134085\Desktop\r01an6603xx0210-rzn2l_ethernetip_opener_package\project\rzn2l_rsk\CR52\ewarm\xSPI0\opener_single\Debug\Obj\Components_1604507766316068082.dir\queue.o
#        C:\Users\a5134085\Desktop\r01an6603xx0210-rzn2l_ethernetip_opener_package\project\rzn2l_rsk\CR52\ewarm\xSPI0\opener_single\Debug\Obj\Components_1604507766316068082.dir\r_ether_phy.o
#        C:\Users\a5134085\Desktop\r01an6603xx0210-rzn2l_ethernetip_opener_package\project\rzn2l_rsk\CR52\ewarm\xSPI0\opener_single\Debug\Obj\Components_1604507766316068082.dir\r_ether_selector.o
#        C:\Users\a5134085\Desktop\r01an6603xx0210-rzn2l_ethernetip_opener_package\project\rzn2l_rsk\CR52\ewarm\xSPI0\opener_single\Debug\Obj\Components_1604507766316068082.dir\r_ethsw.o
#        C:\Users\a5134085\Desktop\r01an6603xx0210-rzn2l_ethernetip_opener_package\project\rzn2l_rsk\CR52\ewarm\xSPI0\opener_single\Debug\Obj\Components_1604507766316068082.dir\r_gmac.o
#        C:\Users\a5134085\Desktop\r01an6603xx0210-rzn2l_ethernetip_opener_package\project\rzn2l_rsk\CR52\ewarm\xSPI0\opener_single\Debug\Obj\Components_1604507766316068082.dir\r_ioport.o
#        C:\Users\a5134085\Desktop\r01an6603xx0210-rzn2l_ethernetip_opener_package\project\rzn2l_rsk\CR52\ewarm\xSPI0\opener_single\Debug\Obj\Components_1604507766316068082.dir\r_sci_uart.o
#        C:\Users\a5134085\Desktop\r01an6603xx0210-rzn2l_ethernetip_opener_package\project\rzn2l_rsk\CR52\ewarm\xSPI0\opener_single\Debug\Obj\Components_1604507766316068082.dir\r_xspi_qspi.o
#        C:\Users\a5134085\Desktop\r01an6603xx0210-rzn2l_ethernetip_opener_package\project\rzn2l_rsk\CR52\ewarm\xSPI0\opener_single\Debug\Obj\utils_11158544238594103396.dir\random.o
#        C:\Users\a5134085\Desktop\r01an6603xx0210-rzn2l_ethernetip_opener_package\project\rzn2l_rsk\CR52\ewarm\xSPI0\opener_single\Debug\Obj\core_6552084633726456197.dir\raw.o
#        C:\Users\a5134085\Desktop\r01an6603xx0210-rzn2l_ethernetip_opener_package\project\rzn2l_rsk\CR52\ewarm\xSPI0\opener_single\Debug\Obj\polarssl_8806538889189738793.dir\sha1.o
#        C:\Users\a5134085\Desktop\r01an6603xx0210-rzn2l_ethernetip_opener_package\project\rzn2l_rsk\CR52\ewarm\xSPI0\opener_single\Debug\Obj\netif_2854332287049972544.dir\slipif.o
#        C:\Users\a5134085\Desktop\r01an6603xx0210-rzn2l_ethernetip_opener_package\project\rzn2l_rsk\CR52\ewarm\xSPI0\opener_single\Debug\Obj\snmp_12300922817261695773.dir\snmp_asn1.o
#        C:\Users\a5134085\Desktop\r01an6603xx0210-rzn2l_ethernetip_opener_package\project\rzn2l_rsk\CR52\ewarm\xSPI0\opener_single\Debug\Obj\snmp_12300922817261695773.dir\snmp_core.o
#        C:\Users\a5134085\Desktop\r01an6603xx0210-rzn2l_ethernetip_opener_package\project\rzn2l_rsk\CR52\ewarm\xSPI0\opener_single\Debug\Obj\snmp_2899959613236848051.dir\snmp_example.o
#        C:\Users\a5134085\Desktop\r01an6603xx0210-rzn2l_ethernetip_opener_package\project\rzn2l_rsk\CR52\ewarm\xSPI0\opener_single\Debug\Obj\snmp_12300922817261695773.dir\snmp_mib2.o
#        C:\Users\a5134085\Desktop\r01an6603xx0210-rzn2l_ethernetip_opener_package\project\rzn2l_rsk\CR52\ewarm\xSPI0\opener_single\Debug\Obj\snmp_12300922817261695773.dir\snmp_mib2_icmp.o
#        C:\Users\a5134085\Desktop\r01an6603xx0210-rzn2l_ethernetip_opener_package\project\rzn2l_rsk\CR52\ewarm\xSPI0\opener_single\Debug\Obj\snmp_12300922817261695773.dir\snmp_mib2_interfaces.o
#        C:\Users\a5134085\Desktop\r01an6603xx0210-rzn2l_ethernetip_opener_package\project\rzn2l_rsk\CR52\ewarm\xSPI0\opener_single\Debug\Obj\snmp_12300922817261695773.dir\snmp_mib2_ip.o
#        C:\Users\a5134085\Desktop\r01an6603xx0210-rzn2l_ethernetip_opener_package\project\rzn2l_rsk\CR52\ewarm\xSPI0\opener_single\Debug\Obj\snmp_12300922817261695773.dir\snmp_mib2_snmp.o
#        C:\Users\a5134085\Desktop\r01an6603xx0210-rzn2l_ethernetip_opener_package\project\rzn2l_rsk\CR52\ewarm\xSPI0\opener_single\Debug\Obj\snmp_12300922817261695773.dir\snmp_mib2_system.o
#        C:\Users\a5134085\Desktop\r01an6603xx0210-rzn2l_ethernetip_opener_package\project\rzn2l_rsk\CR52\ewarm\xSPI0\opener_single\Debug\Obj\snmp_12300922817261695773.dir\snmp_mib2_tcp.o
#        C:\Users\a5134085\Desktop\r01an6603xx0210-rzn2l_ethernetip_opener_package\project\rzn2l_rsk\CR52\ewarm\xSPI0\opener_single\Debug\Obj\snmp_12300922817261695773.dir\snmp_mib2_udp.o
#        C:\Users\a5134085\Desktop\r01an6603xx0210-rzn2l_ethernetip_opener_package\project\rzn2l_rsk\CR52\ewarm\xSPI0\opener_single\Debug\Obj\snmp_12300922817261695773.dir\snmp_msg.o
#        C:\Users\a5134085\Desktop\r01an6603xx0210-rzn2l_ethernetip_opener_package\project\rzn2l_rsk\CR52\ewarm\xSPI0\opener_single\Debug\Obj\snmp_12300922817261695773.dir\snmp_netconn.o
#        C:\Users\a5134085\Desktop\r01an6603xx0210-rzn2l_ethernetip_opener_package\project\rzn2l_rsk\CR52\ewarm\xSPI0\opener_single\Debug\Obj\snmp_12300922817261695773.dir\snmp_pbuf_stream.o
#        C:\Users\a5134085\Desktop\r01an6603xx0210-rzn2l_ethernetip_opener_package\project\rzn2l_rsk\CR52\ewarm\xSPI0\opener_single\Debug\Obj\snmp_12300922817261695773.dir\snmp_raw.o
#        C:\Users\a5134085\Desktop\r01an6603xx0210-rzn2l_ethernetip_opener_package\project\rzn2l_rsk\CR52\ewarm\xSPI0\opener_single\Debug\Obj\snmp_12300922817261695773.dir\snmp_scalar.o
#        C:\Users\a5134085\Desktop\r01an6603xx0210-rzn2l_ethernetip_opener_package\project\rzn2l_rsk\CR52\ewarm\xSPI0\opener_single\Debug\Obj\snmp_12300922817261695773.dir\snmp_snmpv2_framework.o
#        C:\Users\a5134085\Desktop\r01an6603xx0210-rzn2l_ethernetip_opener_package\project\rzn2l_rsk\CR52\ewarm\xSPI0\opener_single\Debug\Obj\snmp_12300922817261695773.dir\snmp_snmpv2_usm.o
#        C:\Users\a5134085\Desktop\r01an6603xx0210-rzn2l_ethernetip_opener_package\project\rzn2l_rsk\CR52\ewarm\xSPI0\opener_single\Debug\Obj\snmp_12300922817261695773.dir\snmp_table.o
#        C:\Users\a5134085\Desktop\r01an6603xx0210-rzn2l_ethernetip_opener_package\project\rzn2l_rsk\CR52\ewarm\xSPI0\opener_single\Debug\Obj\snmp_12300922817261695773.dir\snmp_threadsync.o
#        C:\Users\a5134085\Desktop\r01an6603xx0210-rzn2l_ethernetip_opener_package\project\rzn2l_rsk\CR52\ewarm\xSPI0\opener_single\Debug\Obj\snmp_12300922817261695773.dir\snmp_traps.o
#        C:\Users\a5134085\Desktop\r01an6603xx0210-rzn2l_ethernetip_opener_package\project\rzn2l_rsk\CR52\ewarm\xSPI0\opener_single\Debug\Obj\snmp_12300922817261695773.dir\snmpv3.o
#        C:\Users\a5134085\Desktop\r01an6603xx0210-rzn2l_ethernetip_opener_package\project\rzn2l_rsk\CR52\ewarm\xSPI0\opener_single\Debug\Obj\snmp_12300922817261695773.dir\snmpv3_mbedtls.o
#        C:\Users\a5134085\Desktop\r01an6603xx0210-rzn2l_ethernetip_opener_package\project\rzn2l_rsk\CR52\ewarm\xSPI0\opener_single\Debug\Obj\opener_15056152673520077099.dir\socket_timer.o
#        C:\Users\a5134085\Desktop\r01an6603xx0210-rzn2l_ethernetip_opener_package\project\rzn2l_rsk\CR52\ewarm\xSPI0\opener_single\Debug\Obj\api_2541802280061515766.dir\sockets.o
#        C:\Users\a5134085\Desktop\r01an6603xx0210-rzn2l_ethernetip_opener_package\project\rzn2l_rsk\CR52\ewarm\xSPI0\opener_single\Debug\Obj\Components_1604507766316068082.dir\startup.o
#        C:\Users\a5134085\Desktop\r01an6603xx0210-rzn2l_ethernetip_opener_package\project\rzn2l_rsk\CR52\ewarm\xSPI0\opener_single\Debug\Obj\Components_1604507766316068082.dir\startup_core.o
#        C:\Users\a5134085\Desktop\r01an6603xx0210-rzn2l_ethernetip_opener_package\project\rzn2l_rsk\CR52\ewarm\xSPI0\opener_single\Debug\Obj\core_6552084633726456197.dir\stats.o
#        C:\Users\a5134085\Desktop\r01an6603xx0210-rzn2l_ethernetip_opener_package\project\rzn2l_rsk\CR52\ewarm\xSPI0\opener_single\Debug\Obj\Components_1604507766316068082.dir\stream_buffer.o
#        C:\Users\a5134085\Desktop\r01an6603xx0210-rzn2l_ethernetip_opener_package\project\rzn2l_rsk\CR52\ewarm\xSPI0\opener_single\Debug\Obj\core_6552084633726456197.dir\sys.o
#        C:\Users\a5134085\Desktop\r01an6603xx0210-rzn2l_ethernetip_opener_package\project\rzn2l_rsk\CR52\ewarm\xSPI0\opener_single\Debug\Obj\lwip_osal_8126535385804713492.dir\sys_arch.o
#        C:\Users\a5134085\Desktop\r01an6603xx0210-rzn2l_ethernetip_opener_package\project\rzn2l_rsk\CR52\ewarm\xSPI0\opener_single\Debug\Obj\Components_1604507766316068082.dir\system.o
#        C:\Users\a5134085\Desktop\r01an6603xx0210-rzn2l_ethernetip_opener_package\project\rzn2l_rsk\CR52\ewarm\xSPI0\opener_single\Debug\Obj\Components_1604507766316068082.dir\system_core.o
#        C:\Users\a5134085\Desktop\r01an6603xx0210-rzn2l_ethernetip_opener_package\project\rzn2l_rsk\CR52\ewarm\xSPI0\opener_single\Debug\Obj\Components_1604507766316068082.dir\tasks.o
#        C:\Users\a5134085\Desktop\r01an6603xx0210-rzn2l_ethernetip_opener_package\project\rzn2l_rsk\CR52\ewarm\xSPI0\opener_single\Debug\Obj\core_6552084633726456197.dir\tcp.o
#        C:\Users\a5134085\Desktop\r01an6603xx0210-rzn2l_ethernetip_opener_package\project\rzn2l_rsk\CR52\ewarm\xSPI0\opener_single\Debug\Obj\core_6552084633726456197.dir\tcp_in.o
#        C:\Users\a5134085\Desktop\r01an6603xx0210-rzn2l_ethernetip_opener_package\project\rzn2l_rsk\CR52\ewarm\xSPI0\opener_single\Debug\Obj\core_6552084633726456197.dir\tcp_out.o
#        C:\Users\a5134085\Desktop\r01an6603xx0210-rzn2l_ethernetip_opener_package\project\rzn2l_rsk\CR52\ewarm\xSPI0\opener_single\Debug\Obj\api_2541802280061515766.dir\tcpip.o
#        C:\Users\a5134085\Desktop\r01an6603xx0210-rzn2l_ethernetip_opener_package\project\rzn2l_rsk\CR52\ewarm\xSPI0\opener_single\Debug\Obj\core_6552084633726456197.dir\timeouts.o
#        C:\Users\a5134085\Desktop\r01an6603xx0210-rzn2l_ethernetip_opener_package\project\rzn2l_rsk\CR52\ewarm\xSPI0\opener_single\Debug\Obj\Components_1604507766316068082.dir\timers.o
#        C:\Users\a5134085\Desktop\r01an6603xx0210-rzn2l_ethernetip_opener_package\project\rzn2l_rsk\CR52\ewarm\xSPI0\opener_single\Debug\Obj\core_6552084633726456197.dir\udp.o
#        "C:\Users\a5134085\Desktop\r01an6603xx0210-rzn2l_ethernetip_opener_package\project\rzn2l_rsk\CR52\ewarm\xSPI0\opener_single\Debug\Obj\Generated
#        Data_10512379876834115868.dir\udp_thread.o"
#        "C:\Users\a5134085\Desktop\r01an6603xx0210-rzn2l_ethernetip_opener_package\project\rzn2l_rsk\CR52\ewarm\xSPI0\opener_single\Debug\Obj\Program
#        Entry_7190525443123924260.dir\udp_thread_entry.o"
#        C:\Users\a5134085\Desktop\r01an6603xx0210-rzn2l_ethernetip_opener_package\project\rzn2l_rsk\CR52\ewarm\xSPI0\opener_single\Debug\Obj\dlr_13061517428028732080.dir\um_dlr.o
#        C:\Users\a5134085\Desktop\r01an6603xx0210-rzn2l_ethernetip_opener_package\project\rzn2l_rsk\CR52\ewarm\xSPI0\opener_single\Debug\Obj\dlr_13061517428028732080.dir\um_dlr_ether_netif.o
#        C:\Users\a5134085\Desktop\r01an6603xx0210-rzn2l_ethernetip_opener_package\project\rzn2l_rsk\CR52\ewarm\xSPI0\opener_single\Debug\Obj\dlr_13061517428028732080.dir\um_dlr_ether_switch.o
#        C:\Users\a5134085\Desktop\r01an6603xx0210-rzn2l_ethernetip_opener_package\project\rzn2l_rsk\CR52\ewarm\xSPI0\opener_single\Debug\Obj\dlr_13061517428028732080.dir\um_dlr_fsm.o
#        C:\Users\a5134085\Desktop\r01an6603xx0210-rzn2l_ethernetip_opener_package\project\rzn2l_rsk\CR52\ewarm\xSPI0\opener_single\Debug\Obj\dlr_13061517428028732080.dir\um_dlr_fsm_frame.o
#        C:\Users\a5134085\Desktop\r01an6603xx0210-rzn2l_ethernetip_opener_package\project\rzn2l_rsk\CR52\ewarm\xSPI0\opener_single\Debug\Obj\dlr_13061517428028732080.dir\um_dlr_task_executor.o
#        C:\Users\a5134085\Desktop\r01an6603xx0210-rzn2l_ethernetip_opener_package\project\rzn2l_rsk\CR52\ewarm\xSPI0\opener_single\Debug\Obj\dlr_13061517428028732080.dir\um_dlr_task_receiver.o
#        C:\Users\a5134085\Desktop\r01an6603xx0210-rzn2l_ethernetip_opener_package\project\rzn2l_rsk\CR52\ewarm\xSPI0\opener_single\Debug\Obj\dlr_13061517428028732080.dir\um_dlr_timer_neighbor_checker.o
#        C:\Users\a5134085\Desktop\r01an6603xx0210-rzn2l_ethernetip_opener_package\project\rzn2l_rsk\CR52\ewarm\xSPI0\opener_single\Debug\Obj\ether_netif_14533915170975194461.dir\um_ether_netif.o
#        C:\Users\a5134085\Desktop\r01an6603xx0210-rzn2l_ethernetip_opener_package\project\rzn2l_rsk\CR52\ewarm\xSPI0\opener_single\Debug\Obj\ether_netif_14533915170975194461.dir\um_ether_netif_callback.o
#        C:\Users\a5134085\Desktop\r01an6603xx0210-rzn2l_ethernetip_opener_package\project\rzn2l_rsk\CR52\ewarm\xSPI0\opener_single\Debug\Obj\ether_netif_14533915170975194461.dir\um_ether_netif_ether.o
#        C:\Users\a5134085\Desktop\r01an6603xx0210-rzn2l_ethernetip_opener_package\project\rzn2l_rsk\CR52\ewarm\xSPI0\opener_single\Debug\Obj\ether_netif_14533915170975194461.dir\um_ether_netif_task_monitor.o
#        C:\Users\a5134085\Desktop\r01an6603xx0210-rzn2l_ethernetip_opener_package\project\rzn2l_rsk\CR52\ewarm\xSPI0\opener_single\Debug\Obj\ether_netif_14533915170975194461.dir\um_ether_netif_task_reader.o
#        C:\Users\a5134085\Desktop\r01an6603xx0210-rzn2l_ethernetip_opener_package\project\rzn2l_rsk\CR52\ewarm\xSPI0\opener_single\Debug\Obj\ether_netif_14533915170975194461.dir\um_ether_netif_task_writer.o
#        C:\Users\a5134085\Desktop\r01an6603xx0210-rzn2l_ethernetip_opener_package\project\rzn2l_rsk\CR52\ewarm\xSPI0\opener_single\Debug\Obj\lwip_port_2015064369848331378.dir\um_lwip_port.o
#        C:\Users\a5134085\Desktop\r01an6603xx0210-rzn2l_ethernetip_opener_package\project\rzn2l_rsk\CR52\ewarm\xSPI0\opener_single\Debug\Obj\lwip_port_2015064369848331378.dir\um_lwip_port_callback.o
#        C:\Users\a5134085\Desktop\r01an6603xx0210-rzn2l_ethernetip_opener_package\project\rzn2l_rsk\CR52\ewarm\xSPI0\opener_single\Debug\Obj\lwip_port_2015064369848331378.dir\um_lwip_port_core.o
#        C:\Users\a5134085\Desktop\r01an6603xx0210-rzn2l_ethernetip_opener_package\project\rzn2l_rsk\CR52\ewarm\xSPI0\opener_single\Debug\Obj\lwip_port_2015064369848331378.dir\um_lwip_port_ether_netif.o
#        C:\Users\a5134085\Desktop\r01an6603xx0210-rzn2l_ethernetip_opener_package\project\rzn2l_rsk\CR52\ewarm\xSPI0\opener_single\Debug\Obj\lwip_port_2015064369848331378.dir\um_lwip_port_netif.o
#        C:\Users\a5134085\Desktop\r01an6603xx0210-rzn2l_ethernetip_opener_package\project\rzn2l_rsk\CR52\ewarm\xSPI0\opener_single\Debug\Obj\lwip_port_2015064369848331378.dir\um_lwip_port_netif_list.o
#        C:\Users\a5134085\Desktop\r01an6603xx0210-rzn2l_ethernetip_opener_package\project\rzn2l_rsk\CR52\ewarm\xSPI0\opener_single\Debug\Obj\lwip_port_2015064369848331378.dir\um_lwip_port_task_launcher.o
#        C:\Users\a5134085\Desktop\r01an6603xx0210-rzn2l_ethernetip_opener_package\project\rzn2l_rsk\CR52\ewarm\xSPI0\opener_single\Debug\Obj\lwip_port_2015064369848331378.dir\um_lwip_port_task_receiver.o
#        C:\Users\a5134085\Desktop\r01an6603xx0210-rzn2l_ethernetip_opener_package\project\rzn2l_rsk\CR52\ewarm\xSPI0\opener_single\Debug\Obj\opener_port_583142552242748834.dir\um_opener_port.o
#        C:\Users\a5134085\Desktop\r01an6603xx0210-rzn2l_ethernetip_opener_package\project\rzn2l_rsk\CR52\ewarm\xSPI0\opener_single\Debug\Obj\opener_port_583142552242748834.dir\um_opener_port_callback.o
#        C:\Users\a5134085\Desktop\r01an6603xx0210-rzn2l_ethernetip_opener_package\project\rzn2l_rsk\CR52\ewarm\xSPI0\opener_single\Debug\Obj\opener_port_583142552242748834.dir\um_opener_port_cip.o
#        C:\Users\a5134085\Desktop\r01an6603xx0210-rzn2l_ethernetip_opener_package\project\rzn2l_rsk\CR52\ewarm\xSPI0\opener_single\Debug\Obj\opener_port_583142552242748834.dir\um_opener_port_dlr.o
#        C:\Users\a5134085\Desktop\r01an6603xx0210-rzn2l_ethernetip_opener_package\project\rzn2l_rsk\CR52\ewarm\xSPI0\opener_single\Debug\Obj\opener_port_583142552242748834.dir\um_opener_port_encap.o
#        C:\Users\a5134085\Desktop\r01an6603xx0210-rzn2l_ethernetip_opener_package\project\rzn2l_rsk\CR52\ewarm\xSPI0\opener_single\Debug\Obj\opener_port_583142552242748834.dir\um_opener_port_ether_netif.o
#        C:\Users\a5134085\Desktop\r01an6603xx0210-rzn2l_ethernetip_opener_package\project\rzn2l_rsk\CR52\ewarm\xSPI0\opener_single\Debug\Obj\opener_port_583142552242748834.dir\um_opener_port_lwip_port.o
#        C:\Users\a5134085\Desktop\r01an6603xx0210-rzn2l_ethernetip_opener_package\project\rzn2l_rsk\CR52\ewarm\xSPI0\opener_single\Debug\Obj\opener_port_583142552242748834.dir\um_opener_port_task_indicator.o
#        C:\Users\a5134085\Desktop\r01an6603xx0210-rzn2l_ethernetip_opener_package\project\rzn2l_rsk\CR52\ewarm\xSPI0\opener_single\Debug\Obj\opener_port_583142552242748834.dir\um_opener_port_task_netif.o
#        C:\Users\a5134085\Desktop\r01an6603xx0210-rzn2l_ethernetip_opener_package\project\rzn2l_rsk\CR52\ewarm\xSPI0\opener_single\Debug\Obj\opener_port_583142552242748834.dir\um_opener_port_tcpip_netif.o
#        C:\Users\a5134085\Desktop\r01an6603xx0210-rzn2l_ethernetip_opener_package\project\rzn2l_rsk\CR52\ewarm\xSPI0\opener_single\Debug\Obj\serial_io_16663271160901886216.dir\um_serial_io_uart.o
#        C:\Users\a5134085\Desktop\r01an6603xx0210-rzn2l_ethernetip_opener_package\project\rzn2l_rsk\CR52\ewarm\xSPI0\opener_single\Debug\Obj\ppp_90132744967425518.dir\upap.o
#        C:\Users\a5134085\Desktop\r01an6603xx0210-rzn2l_ethernetip_opener_package\project\rzn2l_rsk\CR52\ewarm\xSPI0\opener_single\Debug\Obj\ppp_90132744967425518.dir\utils.o
#        "C:\Users\a5134085\Desktop\r01an6603xx0210-rzn2l_ethernetip_opener_package\project\rzn2l_rsk\CR52\ewarm\xSPI0\opener_single\Debug\Obj\Generated
#        Data_10512379876834115868.dir\vector_data.o"
#        C:\Users\a5134085\Desktop\r01an6603xx0210-rzn2l_ethernetip_opener_package\project\rzn2l_rsk\CR52\ewarm\xSPI0\opener_single\Debug\Obj\ppp_90132744967425518.dir\vj.o
#        C:\Users\a5134085\Desktop\r01an6603xx0210-rzn2l_ethernetip_opener_package\project\rzn2l_rsk\CR52\ewarm\xSPI0\opener_single\Debug\Obj\utils_11158544238594103396.dir\xorshiftrandom.o
#        C:\Users\a5134085\Desktop\r01an6603xx0210-rzn2l_ethernetip_opener_package\project\rzn2l_rsk\CR52\ewarm\xSPI0\opener_single\Debug\Obj\netif_2854332287049972544.dir\zepif.o
#        --cpu=Cortex-R52 --fpu=VFPv5 --no_out_extension -o
#        C:\Users\a5134085\Desktop\r01an6603xx0210-rzn2l_ethernetip_opener_package\project\rzn2l_rsk\CR52\ewarm\xSPI0\opener_single\Debug\Exe\RZN2L_RSK_OpENer_single.out
#        --map
#        C:\Users\a5134085\Desktop\r01an6603xx0210-rzn2l_ethernetip_opener_package\project\rzn2l_rsk\CR52\ewarm\xSPI0\opener_single\Debug\List\RZN2L_RSK_OpENer_single.map
#        --config
#        C:\Users\a5134085\Desktop\r01an6603xx0210-rzn2l_ethernetip_opener_package\project\rzn2l_rsk\CR52\ewarm\xSPI0\opener_single/script/fsp_xspi0_boot.icf
#        -f
#        C:\Users\a5134085\Desktop\r01an6603xx0210-rzn2l_ethernetip_opener_package\project\rzn2l_rsk\CR52\ewarm\xSPI0\opener_single/xcl/rasc_ilinkarm
#        (--config_search
#        C:\Users\a5134085\Desktop\r01an6603xx0210-rzn2l_ethernetip_opener_package\project\rzn2l_rsk\CR52\ewarm\xSPI0\opener_single)
#        --semihosting=iar_breakpoint --entry system_init --vfe --text_out
#        locale) --diagnostics_format=sarif_stdout --dependencies=n
#        C:\Users\a5134085\Desktop\r01an6603xx0210-rzn2l_ethernetip_opener_package\project\rzn2l_rsk\CR52\ewarm\xSPI0\opener_single\Debug\Exe\RZN2L_RSK_OpENer_single.out.iar_deps
#        --dynamic_output
#        C:\Users\a5134085\Desktop\r01an6603xx0210-rzn2l_ethernetip_opener_package\project\rzn2l_rsk\CR52\ewarm\xSPI0\opener_single\Debug\Exe\RZN2L_RSK_OpENer_single.out.iar_dynout
#
###############################################################################

*******************************************************************************
*** RUNTIME MODEL ATTRIBUTES
***

CppFlavor       = *
__CPP_Runtime   = 1
__Heap_Handler  = Basic
__SystemLibrary = DLib
__dlib_version  = 6


*******************************************************************************
*** HEAP SELECTION
***

The basic heap was selected because --advanced_heap
was not specified and the application did not appear to
be primarily optimized for speed.


*******************************************************************************
*** PLACEMENT SUMMARY
***

define block VECTOR_WBLOCK_0x000
   with alignment = 128 {  rw code section .intvec };
define block VECTOR_WBLOCK_0x080
   with alignment = 128 {  rw code section .intvec_0x080 };
define block VECTOR_WBLOCK_0x100
   with alignment = 128 {  rw code section .intvec_0x100 };
define block VECTOR_WBLOCK_0x180
   with alignment = 128 {  rw code section .intvec_0x180 };
define block VECTOR_WBLOCK_0x200
   with alignment = 128 {  rw code section .intvec_0x200 };
define block VECTOR_WBLOCK_0x280
   with alignment = 128 {  rw code section .intvec_0x280 };
define block VECTOR_WBLOCK_0x300
   with alignment = 128 {  rw code section .intvec_0x300 };
define block VECTOR_WBLOCK_0x380
   with alignment = 128 {  rw code section .intvec_0x380 };
define block VECTOR_WBLOCK_0x400
   with alignment = 128 {  rw code section .intvec_0x400 };
define block VECTOR_WBLOCK_0x480
   with alignment = 128 {  rw code section .intvec_0x480 };
define block VECTOR_WBLOCK_0x500
   with alignment = 128 {  rw code section .intvec_0x500 };
define block VECTOR_WBLOCK_0x580
   with alignment = 128 {  rw code section .intvec_0x580 };
define block VECTOR_WBLOCK_0x600
   with alignment = 128 {  rw code section .intvec_0x600 };
define block VECTOR_WBLOCK_0x680
   with alignment = 128 {  rw code section .intvec_0x680 };
define block VECTOR_WBLOCK_0x700
   with alignment = 128 {  rw code section .intvec_0x700 };
define block VECTOR_WBLOCK_0x780
   with alignment = 128 {  rw code section .intvec_0x780 };
define block VECTOR_WBLOCK
   with fixed order {
       block VECTOR_WBLOCK_0x000,  block VECTOR_WBLOCK_0x080,
       block VECTOR_WBLOCK_0x100,  block VECTOR_WBLOCK_0x180,
       block VECTOR_WBLOCK_0x200,  block VECTOR_WBLOCK_0x280,
       block VECTOR_WBLOCK_0x300,  block VECTOR_WBLOCK_0x380,
       block VECTOR_WBLOCK_0x400,  block VECTOR_WBLOCK_0x480,
       block VECTOR_WBLOCK_0x500,  block VECTOR_WBLOCK_0x580,
       block VECTOR_WBLOCK_0x600,  block VECTOR_WBLOCK_0x680,
       block VECTOR_WBLOCK_0x700,  block VECTOR_WBLOCK_0x780 };
"A0":  place at address 0x0 {  block VECTOR_WBLOCK };
"P1":  place in [from 0x6000'0000 to 0x6000'004b] {  ro section .loader_param };
define block LDR_PRG_RBLOCK
   with fixed order {
          ro code object startup_core.o section .loader_text_init,
          ro code object startup_core.o,  ro code object system_core.o,
          ro code object startup.o,  ro code object system.o,
          ro code object bsp_clocks.o,  ro code object bsp_irq_core.o,
          ro code object bsp_irq.o,  ro code object bsp_semaphore.o,
          ro code object bsp_register_protection.o,  ro code object r_ioport.o,
          ro code object bsp_cache.o,  ro code object bsp_tzc400.o,
          ro code object bsp_address_expander.o,
          ro code section .warm_start_init }
      except {
         ro code section .intvec*_init, ro code section .reset_handler_init };
define block LDR_DATA_RBLOCK
   with fixed order, alignment = 512 {
       object startup_core.o section .data_init,
       object system_core.o section .data_init,
       object startup.o section .data_init,
       object system.o section .data_init,
       object bsp_clocks.o section .data_init,
       object bsp_irq_core.o section .data_init,
       object bsp_irq.o section .data_init,
       object bsp_semaphore.o section .data_init,
       object bsp_register_protection.o section .data_init,
       object r_ioport.o section .data_init,
       object bsp_cache.o section .data_init,
       object bsp_tzc400.o section .data_init,
       object bsp_address_expander.o section .data_init,
       object bsp_tzc400.o section .rodata_init,
       object system_core.o section .rodata_init,
       object bsp_register_protection.o section .rodata_init };
define block VECTOR_RBLOCK_0x000
   with alignment = 128 {  ro code section .intvec_init };
define block VECTOR_RBLOCK_0x080
   with alignment = 128 {  ro code section .intvec_0x080_init };
define block VECTOR_RBLOCK_0x100
   with alignment = 128 {  ro code section .intvec_0x100_init };
define block VECTOR_RBLOCK_0x180
   with alignment = 128 {  ro code section .intvec_0x180_init };
define block VECTOR_RBLOCK_0x200
   with alignment = 128 {  ro code section .intvec_0x200_init };
define block VECTOR_RBLOCK_0x280
   with alignment = 128 {  ro code section .intvec_0x280_init };
define block VECTOR_RBLOCK_0x300
   with alignment = 128 {  ro code section .intvec_0x300_init };
define block VECTOR_RBLOCK_0x380
   with alignment = 128 {  ro code section .intvec_0x380_init };
define block VECTOR_RBLOCK_0x400
   with alignment = 128 {  ro code section .intvec_0x400_init };
define block VECTOR_RBLOCK_0x480
   with alignment = 128 {  ro code section .intvec_0x480_init };
define block VECTOR_RBLOCK_0x500
   with alignment = 128 {  ro code section .intvec_0x500_init };
define block VECTOR_RBLOCK_0x580
   with alignment = 128 {  ro code section .intvec_0x580_init };
define block VECTOR_RBLOCK_0x600
   with alignment = 128 {  ro code section .intvec_0x600_init };
define block VECTOR_RBLOCK_0x680
   with alignment = 128 {  ro code section .intvec_0x680_init };
define block VECTOR_RBLOCK_0x700
   with alignment = 128 {  ro code section .intvec_0x700_init };
define block VECTOR_RBLOCK_0x780
   with alignment = 128 {  ro code section .intvec_0x780_init };
define block VECTOR_RBLOCK
   with fixed order {
       block VECTOR_RBLOCK_0x000,  block VECTOR_RBLOCK_0x080,
       block VECTOR_RBLOCK_0x100,  block VECTOR_RBLOCK_0x180,
       block VECTOR_RBLOCK_0x200,  block VECTOR_RBLOCK_0x280,
       block VECTOR_RBLOCK_0x300,  block VECTOR_RBLOCK_0x380,
       block VECTOR_RBLOCK_0x400,  block VECTOR_RBLOCK_0x480,
       block VECTOR_RBLOCK_0x500,  block VECTOR_RBLOCK_0x580,
       block VECTOR_RBLOCK_0x600,  block VECTOR_RBLOCK_0x680,
       block VECTOR_RBLOCK_0x700,  block VECTOR_RBLOCK_0x780 };
define block USER_PRG_RBLOCK with alignment = 8 {  ro code };
define block USER_DATA_RBLOCK0 with alignment = 8 {  section .data_init };
define block USER_DATA_RBLOCK1
   with alignment = 8 {  section __DLIB_PERTHREAD_init };
define block USER_DATA_RBLOCK2 with alignment = 8 {  section .rodata_init };
define block USER_DATA_RBLOCK3 with alignment = 8 {  section .version_init };
define block USER_DATA_RBLOCK
   with fixed order, alignment = 8 {
       block USER_DATA_RBLOCK0,  block USER_DATA_RBLOCK1,
       block USER_DATA_RBLOCK2,  block USER_DATA_RBLOCK3 };
define block USER_DATA_NONCACHE_RBLOCK
   with alignment = 8 {  section .data_noncache*_init };
define block DMAC_LINK_MODE_RBLOCK
   with alignment = 8 {  section .dmac_link_mode*_init };
define block SHARED_NONCACHE_BUFFER_RBLOCK
   with alignment = 32 {  section .shared_noncache_buffer*_init };
define block NONCACHE_BUFFER_RBLOCK
   with alignment = 32 {  section .noncache_buffer*_init };
"A1":  place at start of [from 0x6000'004c to 0x63ff'ffff] {
           block LDR_PRG_RBLOCK,  block LDR_DATA_RBLOCK,  block VECTOR_RBLOCK,
           block USER_PRG_RBLOCK,  block USER_DATA_RBLOCK,  ro,
           block USER_DATA_NONCACHE_RBLOCK,  block DMAC_LINK_MODE_RBLOCK,
           block SHARED_NONCACHE_BUFFER_RBLOCK,  block NONCACHE_BUFFER_RBLOCK };
define block LDR_PRG_WBLOCK
   with fixed order {
          rw code object startup_core.o section .loader_text,
          rw code object startup_core.o,  rw code object system_core.o,
          rw code object startup.o,  rw code object system.o,
          rw code object bsp_clocks.o,  rw code object bsp_irq_core.o,
          rw code object bsp_irq.o,  rw code object bsp_semaphore.o,
          rw code object bsp_register_protection.o,  rw code object r_ioport.o,
          rw code object bsp_cache.o,  rw code object bsp_tzc400.o,
          rw code object bsp_address_expander.o,  rw code section .warm_start }
      except { rw code section .intvec*, rw code section .reset_handler };
"A2":  place at start of [from 0x10'2000 to 0x11'ffff] {
           block LDR_PRG_WBLOCK };
define block LDR_DATA_WBLOCK
   with fixed order, alignment = 512 {
       object startup_core.o section .data,
       object system_core.o section .data,  object startup.o section .data,
       object system.o section .data,  object bsp_clocks.o section .data,
       object bsp_irq_core.o section .data,  object bsp_irq.o section .data,
       object bsp_semaphore.o section .data,
       object bsp_register_protection.o section .data,
       object r_ioport.o section .data,  object bsp_cache.o section .data,
       object bsp_tzc400.o section .data,
       object bsp_address_expander.o section .data,
       object bsp_tzc400.o section .rodata,
       object system_core.o section .rodata,
       object bsp_register_protection.o section .rodata };
define block LDR_DATA_ZBLOCK
   with alignment = 8 {
       object startup_core.o section .bss,  object system_core.o section .bss,
       object startup.o section .bss,  object system.o section .bss,
       object bsp_clocks.o section .bss,  object bsp_irq_core.o section .bss,
       object bsp_irq.o section .bss,  object bsp_semaphore.o section .bss,
       object bsp_register_protection.o section .bss,
       object r_ioport.o section .bss,  object bsp_cache.o section .bss,
       object bsp_tzc400.o section .bss,
       object bsp_address_expander.o section .bss,
       object bsp_io.o section .bss,  section .ttbr };
"P4":  place in [from 0x10'2000 to 0x11'ffff] {
           section LDR_DATA_WBLOCK,  block LDR_DATA_WBLOCK,
           section LDR_DATA_ZBLOCK,  block LDR_DATA_ZBLOCK };
define block SYS_STACK with alignment = 8 {  rw section .sys_stack };
define block SVC_STACK with alignment = 8 {  rw section .svc_stack };
define block IRQ_STACK with alignment = 8 {  rw section .irq_stack };
define block FIQ_STACK with alignment = 8 {  rw section .fiq_stack };
define block UND_STACK with alignment = 8 {  rw section .und_stack };
define block ABT_STACK with alignment = 8 {  rw section .abt_stack };
"P5":  place in [from 0x10'2000 to 0x11'ffff] {
           section SYS_STACK,  block SYS_STACK,  section SVC_STACK,
           block SVC_STACK,  section IRQ_STACK,  block IRQ_STACK,
           section FIQ_STACK,  block FIQ_STACK,  section UND_STACK,
           block UND_STACK,  section ABT_STACK,  block ABT_STACK };
define block USER_DATA_NONCACHE_WBLOCK
   with alignment = 8 {  section .data_noncache* };
define block USER_DATA_NONCACHE_ZBLOCK
   with alignment = 8 {  zi section .data_noncache* };
"A3":  place at start of [from 0x3013'8000 to 0x3013'bfff] {
           block USER_DATA_NONCACHE_WBLOCK,  block USER_DATA_NONCACHE_ZBLOCK };
define block DMAC_LINK_MODE_WBLOCK
   with alignment = 8 {  section .dmac_link_mode* };
define block DMAC_LINK_MODE_ZBLOCK
   with alignment = 8 {  zi section .dmac_link_mode* };
"A4":  place at start of [from 0x3013'c000 to 0x3013'ffff] {
           block DMAC_LINK_MODE_WBLOCK,  block DMAC_LINK_MODE_ZBLOCK };
define block SHARED_NONCACHE_BUFFER_WBLOCK
   with alignment = 32 {  section .shared_noncache_buffer* };
define block SHARED_NONCACHE_BUFFER_ZBLOCK
   with alignment = 32 {  zi section .shared_noncache_buffer* };
"A5":  place at start of [from 0x3014'0000 to 0x3015'ffff] {
           block SHARED_NONCACHE_BUFFER_WBLOCK,
           block SHARED_NONCACHE_BUFFER_ZBLOCK };
define block NONCACHE_BUFFER_WBLOCK
   with alignment = 32 {  section .noncache_buffer* };
define block NONCACHE_BUFFER_ZBLOCK
   with alignment = 32 {  zi section .noncache_buffer* };
"A6":  place at start of [from 0x3016'0000 to 0x3017'ffff] {
           block NONCACHE_BUFFER_WBLOCK,  block NONCACHE_BUFFER_ZBLOCK };
define block USER_PRG_WBLOCK with alignment = 8 {  rw code };
"A7":  place at start of [from 0x1000'0100 to 0x1017'ffff] {
           block USER_PRG_WBLOCK };
"P6":  place in [from 0x1000'0100 to 0x1017'ffff] {  rw };
define block USER_DATA_WBLOCK0 with alignment = 8 {  section .data };
define block USER_DATA_WBLOCK1 with alignment = 8 {  section __DLIB_PERTHREAD };
define block USER_DATA_WBLOCK2 with alignment = 8 {  section .rodata };
define block USER_DATA_WBLOCK3 with alignment = 8 {  section .version };
define block USER_DATA_WBLOCK
   with fixed order, alignment = 8 {
       block USER_DATA_WBLOCK0,  block USER_DATA_WBLOCK1,
       block USER_DATA_WBLOCK2,  block USER_DATA_WBLOCK3 };
define block USER_DATA_ZBLOCK with alignment = 8 {  section .bss };
"P7":  place in [from 0x1000'0100 to 0x1017'ffff] {
           block USER_DATA_WBLOCK,  block USER_DATA_ZBLOCK };
define block HEAP_BLOCK with alignment = 8 {  rw section HEAP };
define block THREAD_STACK with alignment = 8 {  rw section .stack* };
define block AARCH64_STACK with alignment = 8 {  rw section .aarch64_stack* };
"P8":  place in [from 0x1000'0100 to 0x1017'ffff] {
           section HEAP_BLOCK,  block HEAP_BLOCK,  section THREAD_STACK,
           block THREAD_STACK,  section AARCH64_STACK,  block AARCH64_STACK };
do not initialize {
    section .noinit,  section .bss,  section .ttbr,
    section .ddsc_xspi0_cs0_space_end,  section .ddsc_atcm_end,
    section .ddsc_btcm_end,  section .ddsc_system_ram_end,
    zi section .data_noncache*,  zi section .dmac_link_mode*,
    zi section .noncache_buffer*,  zi section .shared_noncache_buffer*,
    rw section HEAP,  rw section .stack*,  rw section .aarch64_stack*,
    rw section .sys_stack,  rw section .svc_stack,  rw section .irq_stack,
    rw section .fiq_stack,  rw section .und_stack,  rw section .abt_stack };
initialize manually with packing = none {
    ro code object startup_core.o,  ro code object system_core.o,
    ro code object startup.o,  ro code object system.o,
    ro code object bsp_clocks.o,  ro code object bsp_irq_core.o,
    ro code object bsp_irq.o,  ro code object bsp_semaphore.o,
    ro code object bsp_register_protection.o,  ro code object r_ioport.o,
    ro code object bsp_cache.o,  ro code object bsp_tzc400.o,
    ro code object bsp_address_expander.o,  ro code section .intvec*,
    ro code section .reset_handler,  ro code section .warm_start,  ro code,
    section .data,  section __DLIB_PERTHREAD,  section .rodata,
    section .version,  section .loader_user_data*,  section .data_noncache*,
    section .dmac_link_mode*,  section .shared_noncache_buffer*,
    section .noncache_buffer*,  section SECONDARY };

No sections matched the following patterns:

  object bsp_address_expander.o section .bss           in block LDR_DATA_ZBLOCK
  object bsp_address_expander.o section .data          in block LDR_DATA_WBLOCK
  object bsp_address_expander.o section .data_init     in block LDR_DATA_RBLOCK
  object bsp_cache.o section .bss                      in block LDR_DATA_ZBLOCK
  object bsp_cache.o section .data                     in block LDR_DATA_WBLOCK
  object bsp_cache.o section .data_init                in block LDR_DATA_RBLOCK
  object bsp_clocks.o section .bss                     in block LDR_DATA_ZBLOCK
  object bsp_clocks.o section .data                    in block LDR_DATA_WBLOCK
  object bsp_clocks.o section .data_init               in block LDR_DATA_RBLOCK
  object bsp_irq.o section .bss                        in block LDR_DATA_ZBLOCK
  object bsp_irq.o section .data                       in block LDR_DATA_WBLOCK
  object bsp_irq.o section .data_init                  in block LDR_DATA_RBLOCK
  object bsp_irq_core.o section .data                  in block LDR_DATA_WBLOCK
  object bsp_irq_core.o section .data_init             in block LDR_DATA_RBLOCK
  object bsp_register_protection.o section .data       in block LDR_DATA_WBLOCK
  object bsp_register_protection.o section .data_init  in block LDR_DATA_RBLOCK
  object bsp_semaphore.o section .bss                  in block LDR_DATA_ZBLOCK
  object bsp_semaphore.o section .data                 in block LDR_DATA_WBLOCK
  object bsp_semaphore.o section .data_init            in block LDR_DATA_RBLOCK
  object bsp_tzc400.o section .bss                     in block LDR_DATA_ZBLOCK
  object bsp_tzc400.o section .data                    in block LDR_DATA_WBLOCK
  object bsp_tzc400.o section .data_init               in block LDR_DATA_RBLOCK
  object bsp_tzc400.o section .rodata                  in block LDR_DATA_WBLOCK
  object bsp_tzc400.o section .rodata_init             in block LDR_DATA_RBLOCK
  object r_ioport.o section .bss                       in block LDR_DATA_ZBLOCK
  object r_ioport.o section .data                      in block LDR_DATA_WBLOCK
  object r_ioport.o section .data_init                 in block LDR_DATA_RBLOCK
  object startup.o section .bss                        in block LDR_DATA_ZBLOCK
  object startup.o section .data                       in block LDR_DATA_WBLOCK
  object startup.o section .data_init                  in block LDR_DATA_RBLOCK
  object startup_core.o section .bss                   in block LDR_DATA_ZBLOCK
  object startup_core.o section .data                  in block LDR_DATA_WBLOCK
  object startup_core.o section .data_init             in block LDR_DATA_RBLOCK
  object system.o section .data                        in block LDR_DATA_WBLOCK
  object system.o section .data_init                   in block LDR_DATA_RBLOCK
  object system_core.o section .data                   in block LDR_DATA_WBLOCK
  object system_core.o section .data_init              in block LDR_DATA_RBLOCK
  ro code object bsp_address_expander.o                in block LDR_PRG_RBLOCK
  ro code object bsp_semaphore.o                       in block LDR_PRG_RBLOCK
  ro code object bsp_tzc400.o                          in block LDR_PRG_RBLOCK
  ro code section .intvec_0x080_init                   in block VECTOR_RBLOCK_0x080
  ro code section .intvec_0x100_init                   in block VECTOR_RBLOCK_0x100
  ro code section .intvec_0x180_init                   in block VECTOR_RBLOCK_0x180
  ro code section .intvec_0x200_init                   in block VECTOR_RBLOCK_0x200
  ro code section .intvec_0x280_init                   in block VECTOR_RBLOCK_0x280
  ro code section .intvec_0x300_init                   in block VECTOR_RBLOCK_0x300
  ro code section .intvec_0x380_init                   in block VECTOR_RBLOCK_0x380
  ro code section .intvec_0x400_init                   in block VECTOR_RBLOCK_0x400
  ro code section .intvec_0x480_init                   in block VECTOR_RBLOCK_0x480
  ro code section .intvec_0x500_init                   in block VECTOR_RBLOCK_0x500
  ro code section .intvec_0x580_init                   in block VECTOR_RBLOCK_0x580
  ro code section .intvec_0x600_init                   in block VECTOR_RBLOCK_0x600
  ro code section .intvec_0x680_init                   in block VECTOR_RBLOCK_0x680
  ro code section .intvec_0x700_init                   in block VECTOR_RBLOCK_0x700
  ro code section .intvec_0x780_init                   in block VECTOR_RBLOCK_0x780
  rw code object bsp_address_expander.o                in block LDR_PRG_WBLOCK
  rw code object bsp_semaphore.o                       in block LDR_PRG_WBLOCK
  rw code object bsp_tzc400.o                          in block LDR_PRG_WBLOCK
  rw code section .intvec_0x080                        in block VECTOR_WBLOCK_0x080
  rw code section .intvec_0x100                        in block VECTOR_WBLOCK_0x100
  rw code section .intvec_0x180                        in block VECTOR_WBLOCK_0x180
  rw code section .intvec_0x200                        in block VECTOR_WBLOCK_0x200
  rw code section .intvec_0x280                        in block VECTOR_WBLOCK_0x280
  rw code section .intvec_0x300                        in block VECTOR_WBLOCK_0x300
  rw code section .intvec_0x380                        in block VECTOR_WBLOCK_0x380
  rw code section .intvec_0x400                        in block VECTOR_WBLOCK_0x400
  rw code section .intvec_0x480                        in block VECTOR_WBLOCK_0x480
  rw code section .intvec_0x500                        in block VECTOR_WBLOCK_0x500
  rw code section .intvec_0x580                        in block VECTOR_WBLOCK_0x580
  rw code section .intvec_0x600                        in block VECTOR_WBLOCK_0x600
  rw code section .intvec_0x680                        in block VECTOR_WBLOCK_0x680
  rw code section .intvec_0x700                        in block VECTOR_WBLOCK_0x700
  rw code section .intvec_0x780                        in block VECTOR_WBLOCK_0x780
  rw section .aarch64_stack*                           in block AARCH64_STACK
  section .data_noncache*                              in block USER_DATA_NONCACHE_WBLOCK
  section .data_noncache*_init                         in block USER_DATA_NONCACHE_RBLOCK
  section .ddsc_atcm_end                               in block ATCM_END_block
  section .ddsc_btcm_end                               in block BTCM_END_block
  section .ddsc_xspi0_cs0_space_end                    in block xSPI0_CS0_SPACE_END_block
  section .dmac_link_mode*                             in block DMAC_LINK_MODE_WBLOCK
  section .dmac_link_mode*_init                        in block DMAC_LINK_MODE_RBLOCK
  section .noncache_buffer*_init                       in block NONCACHE_BUFFER_RBLOCK
  section .shared_noncache_buffer*                     in block SHARED_NONCACHE_BUFFER_WBLOCK
  section .shared_noncache_buffer*_init                in block SHARED_NONCACHE_BUFFER_RBLOCK
  section .ttbr                                        in block LDR_DATA_ZBLOCK
  section AARCH64_STACK                                in "P6-P8"
  section ABT_STACK                                    in "P4-P5"
  section FIQ_STACK                                    in "P4-P5"
  section HEAP_BLOCK                                   in "P6-P8"
  section IRQ_STACK                                    in "P4-P5"
  section LDR_DATA_WBLOCK                              in "P4-P5"
  section LDR_DATA_ZBLOCK                              in "P4-P5"
  section SECONDARY                                    in block SECONDARY_WBLOCK
  section SECONDARY_init                               in block SECONDARY_RBLOCK
  section SVC_STACK                                    in "P4-P5"
  section SYS_STACK                                    in "P4-P5"
  section THREAD_STACK                                 in "P6-P8"
  section UND_STACK                                    in "P4-P5"
  section __DLIB_PERTHREAD                             in block USER_DATA_WBLOCK1
  section __DLIB_PERTHREAD_init                        in block USER_DATA_RBLOCK1
  zi section .data_noncache*                           in block USER_DATA_NONCACHE_ZBLOCK
  zi section .dmac_link_mode*                          in block DMAC_LINK_MODE_ZBLOCK
  zi section .shared_noncache_buffer*                  in block SHARED_NONCACHE_BUFFER_ZBLOCK


  Section                 Kind         Address  Alignment      Size  Object
  -------                 ----         -------  ---------      ----  ------
"A0":                                                          0x44
  VECTOR_WBLOCK                            0x0                 0x44  <Block>
    VECTOR_WBLOCK_0x000                    0x0        128      0x44  <Block>
      VECTOR_WBLOCK_0x000-1
                                           0x0          4      0x44  <Init block>
        .intvec           inited           0x0          4      0x44  startup_core.o [1]
                                        - 0x44                 0x44

"A2":                                                         0xf38
  LDR_PRG_WBLOCK                     0x10'2000                0xf38  <Block>
    rw code object startup_core.o section .loader_text-1
                                     0x10'2000          4      0x78  <Init block>
      .loader_text        inited     0x10'2000          4      0x78  startup_core.o [1]
    rw code object startup_core.o-1
                                     0x10'2078          4      0x80  <Init block>
      .text               inited     0x10'2078          4      0x80  startup_core.o [1]
    rw code object system_core.o-1
                                     0x10'20f8          4      0xcc  <Init block>
      .text               inited     0x10'20f8          4      0xcc  system_core.o [1]
    rw code object startup.o-1
                                     0x10'21c4          4      0x56  <Init block>
      Veneer              inited     0x10'21c4          4       0x8  - Linker created -
      .text               inited     0x10'21cc          2      0x4e  startup.o [1]
    rw code object system.o-1
                                     0x10'221c          4     0x438  <Init block>
      Veneer              inited     0x10'221c          4       0x8  - Linker created -
      .text               inited     0x10'2224          4     0x430  system.o [1]
    rw code object bsp_clocks.o-1
                                     0x10'2654          4     0x234  <Init block>
      .text               inited     0x10'2654          4     0x234  bsp_clocks.o [1]
    rw code object bsp_irq_core.o-1
                                     0x10'2888          4      0xbc  <Init block>
      .text               inited     0x10'2888          4      0xbc  bsp_irq_core.o [1]
    rw code object bsp_irq.o-1
                                     0x10'2944          4       0x8  <Init block>
      .text               inited     0x10'2944          2       0x8  bsp_irq.o [1]
    rw code object bsp_register_protection.o-1
                                     0x10'294c          4      0xc0  <Init block>
      .text               inited     0x10'294c          4      0xc0  bsp_register_protection.o [1]
    rw code object r_ioport.o-1
                                     0x10'2a0c          4     0x42c  <Init block>
      .text               inited     0x10'2a0c          4     0x42c  r_ioport.o [1]
    rw code object bsp_cache.o-1
                                     0x10'2e38          4      0xe0  <Init block>
      .text               inited     0x10'2e38          4      0xe0  bsp_cache.o [1]
    rw code section .warm_start-1
                                     0x10'2f18          4      0x20  <Init block>
      .warm_start         inited     0x10'2f18          4      0x20  hal_entry.o [3]
                                   - 0x10'2f38                0xf38

"P4-P5", part 1 of 2:                                          0xc8
  LDR_DATA_WBLOCK                    0x10'3000        512      0xc8  <Block>
    object system_core.o section .rodata-1
                                     0x10'3000          4      0xc0  <Init block>
      .rodata             inited     0x10'3000          4      0xc0  system_core.o [1]
    object bsp_register_protection.o section .rodata-1
                                     0x10'30c0          4       0x8  <Init block>
      .rodata             inited     0x10'30c0          4       0x8  bsp_register_protection.o [1]
                                   - 0x10'30c8                 0xc8

"P4-P5", part 2 of 2:                                        0x2058
  LDR_DATA_ZBLOCK                    0x10'30c8          8     0x851  <Block>
    .bss                  uninit     0x10'30c8          4       0x4  bsp_io.o [1]
    .bss                  uninit     0x10'30cc          4     0x780  bsp_irq_core.o [1]
    .bss                  uninit     0x10'384c          4      0x40  bsp_irq_core.o [1]
    .bss                  uninit     0x10'388c          4       0x8  bsp_register_protection.o [1]
    .bss                  uninit     0x10'3894          4       0x4  system.o [1]
    .bss                  uninit     0x10'3898          4      0x80  system_core.o [1]
    .bss                  uninit     0x10'3918                  0x1  bsp_irq_core.o [1]
  SYS_STACK                          0x10'3920          8     0x400  <Block>
    .sys_stack                       0x10'3920                0x400  <Block>
      .sys_stack          uninit     0x10'3920          8     0x400  startup_core.o [1]
  SVC_STACK                          0x10'3d20          8     0x400  <Block>
    .svc_stack                       0x10'3d20                0x400  <Block>
      .svc_stack          uninit     0x10'3d20          8     0x400  startup_core.o [1]
  IRQ_STACK                          0x10'4120          8     0x400  <Block>
    .irq_stack                       0x10'4120                0x400  <Block>
      .irq_stack          uninit     0x10'4120          8     0x400  startup_core.o [1]
  FIQ_STACK                          0x10'4520          8     0x400  <Block>
    .fiq_stack                       0x10'4520                0x400  <Block>
      .fiq_stack          uninit     0x10'4520          8     0x400  startup_core.o [1]
  UND_STACK                          0x10'4920          8     0x400  <Block>
    .und_stack                       0x10'4920                0x400  <Block>
      .und_stack          uninit     0x10'4920          8     0x400  startup_core.o [1]
  ABT_STACK                          0x10'4d20          8     0x400  <Block>
    .abt_stack                       0x10'4d20                0x400  <Block>
      .abt_stack          uninit     0x10'4d20          8     0x400  startup_core.o [1]
                                   - 0x10'5120               0x2058

"A7":                                                      0x2'd230
  USER_PRG_WBLOCK                  0x1000'0100          8  0x2'd230  <Block>
    USER_PRG_WBLOCK-1              0x1000'0100          4  0x2'd230  <Init block>
      .reset_handler      inited   0x1000'0100          4      0x30  startup_core.o [1]
      Veneer              inited   0x1000'0130          4       0x8  - Linker created -
      .text               inited   0x1000'0138          4     0x53c  acd.o [12]
      .text               inited   0x1000'0674          4     0x824  api_lib.o [4]
      .text               inited   0x1000'0e98          4    0x14d4  api_msg.o [4]
      .text               inited   0x1000'236c          4     0x5b0  appcontype.o [6]
      .text               inited   0x1000'291c          4      0xac  bsp_delay.o [1]
      .text               inited   0x1000'29c8          4       0xa  bsp_delay_core.o [1]
      Veneer              inited   0x1000'29d4          4       0x8  - Linker created -
      .text               inited   0x1000'29dc          4      0x54  bsp_reset.o [1]
      .text               inited   0x1000'2a30          4     0x20e  cipassembly.o [6]
      .text               inited   0x1000'2c40          4      0xac  cipclass3connection.o [6]
      .text               inited   0x1000'2cec          4     0xd0c  cipcommon.o [6]
      .text               inited   0x1000'39f8          4     0xfec  cipconnectionmanager.o [6]
      .text               inited   0x1000'49e4          4     0x654  cipconnectionobject.o [6]
      .text               inited   0x1000'5038          4     0x1c4  cipdlr.o [6]
      .text               inited   0x1000'51fc          4     0x2d8  cipepath.o [6]
      .text               inited   0x1000'54d4          4     0x39a  cipethernetlink.o [6]
      .text               inited   0x1000'5870          4     0x2f0  cipidentity.o [6]
      .text               inited   0x1000'5b60          4     0xbbc  cipioconnection.o [6]
      .text               inited   0x1000'671c          4     0x2bc  ciplldpmanagement.o [6]
      .text               inited   0x1000'69d8          4     0x2dc  cipmessagerouter.o [6]
      .text               inited   0x1000'6cb4          4     0x250  cipqos.o [6]
      .text               inited   0x1000'6f04          4     0x4cc  ciptcpipinterface.o [6]
      .text               inited   0x1000'73d0          4     0x69a  cpf.o [10]
      .text               inited   0x1000'7a6c          4    0x146a  dhcp.o [12]
      .text               inited   0x1000'8ed8          4     0x428  dns.o [8]
      .text               inited   0x1000'9300          4      0xc0  doublylinkedlist.o [25]
      .text               inited   0x1000'93c0          4     0x920  encap.o [10]
      .text               inited   0x1000'9ce0          4     0x24e  endianconv.o [10]
      .text               inited   0x1000'9f30          4      0x28  err.o [4]
      .text               inited   0x1000'9f58          4     0xc10  etharp.o [12]
      .text               inited   0x1000'ab68          4     0x164  ethernet.o [16]
      .text               inited   0x1000'accc          4     0x1a6  event_groups.o [1]
      .text               inited   0x1000'ae74          4     0x238  heap_4.o [1]
      .text               inited   0x1000'b0ac          4     0x3ec  icmp.o [12]
      .text               inited   0x1000'b498          4     0x638  igmp.o [12]
      .text               inited   0x1000'bad0          4     0x718  ip4.o [12]
      .text               inited   0x1000'c1e8          4      0x4c  ip4_addr.o [12]
      .text               inited   0x1000'c234          4     0x90c  ip4_frag.o [12]
      .text               inited   0x1000'cb40          4     0x498  lldp-ext-odva-v01.o [24]
      .text               inited   0x1000'cfd8          4    0x1c30  lldp-mib.o [24]
      .text               inited   0x1000'ec08          4     0x6d4  lwip_lldp.o [13]
      .text               inited   0x1000'f2dc          4     0x210  lwip_lldp_oui.o [13]
      .text               inited   0x1000'f4ec          4     0xb8c  lwip_lldp_receive.o [13]
      .text               inited   0x1001'0078          4     0xe4c  lwip_lldp_transmit.o [13]
      .text               inited   0x1001'0ec4          4      0xac  main.o [2]
      .text               inited   0x1001'0f70          4      0x18  main.o [2]
      .text               inited   0x1001'0f88          4      0x18  main.o [2]
      .text               inited   0x1001'0fa0          4      0x64  main_thread.o [2]
      .text               inited   0x1001'1004          4     0x630  mem.o [8]
      .text               inited   0x1001'1634          4     0x11c  memp.o [8]
      .text               inited   0x1001'1750          4     0x740  netif.o [8]
      .text               inited   0x1001'1e90          4      0xa0  netifapi.o [4]
      .text               inited   0x1001'1f30          4     0x1c0  opener_port_instance.o [5]
      .text               inited   0x1001'20f0          4     0xb4c  opener_port_main.o [5]
      .text               inited   0x1001'2c3c          4     0x922  pbuf.o [8]
      Veneer              inited   0x1001'3560          4       0x8  - Linker created -
      .text               inited   0x1001'3568          4     0x798  port.o [1]
      .text               inited   0x1001'3d00          4     0x88a  queue.o [1]
      .text               inited   0x1001'458c          4     0xac0  r_ether_phy.o [1]
      Veneer              inited   0x1001'504c          4       0x8  - Linker created -
      .text               inited   0x1001'5054          4     0x25c  r_ether_selector.o [1]
      .text               inited   0x1001'52b0          4     0xd8c  r_ethsw.o [1]
      .text               inited   0x1001'603c          4    0x109c  r_gmac.o [1]
      .text               inited   0x1001'70d8          4     0xbba  r_sci_uart.o [1]
[...]
                        0x1002'7b79      0x86  Code  Gb  um_opener_port_cip.o [18]
um_opener_port_cip_set_device_status_from_network_state
                        0x1002'7bff      0x22  Code  Gb  um_opener_port_cip.o [18]
um_opener_port_dlr_open
                        0x1002'b777       0x6  Code  Gb  um_opener_port_dlr.o [18]
um_opener_port_dlr_start
                        0x1002'b77d      0x1e  Code  Gb  um_opener_port_dlr.o [18]
um_opener_port_encap_check_any_connections_exist
                        0x1002'7ce1      0x12  Code  Gb  um_opener_port_encap.o [18]
um_opener_port_encap_check_socket_timer_timeout
                        0x1002'7f25      0x30  Code  Gb  um_opener_port_encap.o [18]
um_opener_port_encap_clear_socket_timer
                        0x1002'7f09      0x1c  Code  Gb  um_opener_port_encap.o [18]
um_opener_port_encap_find_socket_in_connection_list
                        0x1002'7cf3      0x20  Code  Gb  um_opener_port_encap.o [18]
um_opener_port_encap_handle_explicit_tcp_packet
                        0x1002'7e47      0xa2  Code  Gb  um_opener_port_encap.o [18]
um_opener_port_encap_handle_explicit_udp_packet
                        0x1002'7d37      0xf4  Code  Gb  um_opener_port_encap.o [18]
um_opener_port_encap_handle_implicit_udp_packet
                        0x1002'7e2b      0x1c  Code  Gb  um_opener_port_encap.o [18]
um_opener_port_encap_manage_io_connections
                        0x1002'7f61       0xc  Code  Gb  um_opener_port_encap.o [18]
um_opener_port_encap_open
                        0x1002'7ca1      0x40  Code  Gb  um_opener_port_encap.o [18]
um_opener_port_encap_remove_tcp_session
                        0x1002'7f55       0xc  Code  Gb  um_opener_port_encap.o [18]
um_opener_port_encap_set_actual_time
                        0x1002'7d13      0x24  Code  Gb  um_opener_port_encap.o [18]
um_opener_port_encap_update_socket_timer
                        0x1002'7ee9      0x20  Code  Gb  um_opener_port_encap.o [18]
um_opener_port_ether_netif_open
                        0x1002'8071      0x94  Code  Gb  um_opener_port_ether_netif.o [18]
um_opener_port_ether_netif_start
                        0x1002'8105      0x28  Code  Gb  um_opener_port_ether_netif.o [18]
um_opener_port_lwip_port_get_cip_tcpip_nvdata
                        0x1002'8955      0x56  Code  Gb  um_opener_port_lwip_port.o [18]
um_opener_port_lwip_port_get_encap_inactivity_timeout
                        0x1002'8929       0xc  Code  Gb  um_opener_port_lwip_port.o [18]
um_opener_port_lwip_port_get_mcast_address_and_ttl_value
                        0x1002'8935      0x20  Code  Gb  um_opener_port_lwip_port.o [18]
um_opener_port_lwip_port_get_netif_config
                        0x1002'890b      0x1e  Code  Gb  um_opener_port_lwip_port.o [18]
um_opener_port_lwip_port_netif_has_ip_duplicate
                        0x1002'88c5      0x30  Code  Gb  um_opener_port_lwip_port.o [18]
um_opener_port_lwip_port_netif_is_up
                        0x1002'8897      0x2e  Code  Gb  um_opener_port_lwip_port.o [18]
um_opener_port_lwip_port_open
                        0x1002'8769      0xbe  Code  Gb  um_opener_port_lwip_port.o [18]
um_opener_port_lwip_port_start
                        0x1002'8827      0x1e  Code  Gb  um_opener_port_lwip_port.o [18]
um_opener_port_lwip_port_state_need_store_nvdata_tcp
                        0x1002'88f5      0x16  Code  Gb  um_opener_port_lwip_port.o [18]
um_opener_port_lwip_port_wait_netif_up
                        0x1002'8845      0x52  Code  Gb  um_opener_port_lwip_port.o [18]
um_opener_port_task_indicator_get_module_state
                        0x1002'8e47       0xc  Code  Gb  um_opener_port_task_indicator.o [18]
um_opener_port_task_indicator_get_network_state
                        0x1002'8e3b       0xc  Code  Gb  um_opener_port_task_indicator.o [18]
um_opener_port_task_indicator_open
                        0x1002'8d6d      0x4a  Code  Gb  um_opener_port_task_indicator.o [18]
um_opener_port_task_indicator_set_module_state
                        0x1002'8e8d      0x48  Code  Gb  um_opener_port_task_indicator.o [18]
um_opener_port_task_indicator_set_network_state
                        0x1002'8e53      0x3a  Code  Gb  um_opener_port_task_indicator.o [18]
um_opener_port_task_indicator_start
                        0x1002'8db7      0x78  Code  Gb  um_opener_port_task_indicator.o [18]
um_opener_port_task_indicator_stop
                        0x1002'8e2f       0xc  Code  Gb  um_opener_port_task_indicator.o [18]
um_opener_port_task_netif_open
                        0x1002'90f5      0x6e  Code  Gb  um_opener_port_task_netif.o [18]
um_opener_port_task_netif_start
                        0x1002'9163       0xc  Code  Gb  um_opener_port_task_netif.o [18]
um_opener_port_task_netif_stop
                        0x1002'916f       0xc  Code  Gb  um_opener_port_task_netif.o [18]
um_opener_port_tcpip_netif_accept_tcp_session
                        0x1002'9a5b      0x74  Code  Gb  um_opener_port_tcpip_netif.o [18]
um_opener_port_tcpip_netif_check_all_socket_events
                        0x1002'99b3      0x4e  Code  Gb  um_opener_port_tcpip_netif.o [18]
um_opener_port_tcpip_netif_check_socket_readable
                        0x1002'9a09      0x52  Code  Gb  um_opener_port_tcpip_netif.o [18]
um_opener_port_tcpip_netif_close_socket
                        0x1002'9967      0x4c  Code  Gb  um_opener_port_tcpip_netif.o [18]
um_opener_port_tcpip_netif_create_explicit_tcp_socket
                        0x1002'96e9      0xbc  Code  Gb  um_opener_port_tcpip_netif.o [18]
um_opener_port_tcpip_netif_create_explicit_udp_socket
                        0x1002'97a5      0xc8  Code  Gb  um_opener_port_tcpip_netif.o [18]
um_opener_port_tcpip_netif_create_implicit_udp_socket
                        0x1002'986d      0xfa  Code  Gb  um_opener_port_tcpip_netif.o [18]
um_opener_port_tcpip_netif_get_cip_qos_nvdata
                        0x1002'9cf5      0x24  Code  Gb  um_opener_port_tcpip_netif.o [18]
um_opener_port_tcpip_netif_get_highest_socket
                        0x1002'9a01       0x8  Code  Gb  um_opener_port_tcpip_netif.o [18]
um_opener_port_tcpip_netif_get_remote_address
                        0x1002'9cb7      0x3e  Code  Gb  um_opener_port_tcpip_netif.o [18]
um_opener_port_tcpip_netif_open
                        0x1002'969d      0x4c  Code  Gb  um_opener_port_tcpip_netif.o [18]
um_opener_port_tcpip_netif_recv_tcp_packet
                        0x1002'9b17      0x48  Code  Gb  um_opener_port_tcpip_netif.o [18]
um_opener_port_tcpip_netif_recv_udp_packet
                        0x1002'9bb1     0x106  Code  Gb  um_opener_port_tcpip_netif.o [18]
um_opener_port_tcpip_netif_send_tcp_packet
                        0x1002'9acf      0x48  Code  Gb  um_opener_port_tcpip_netif.o [18]
um_opener_port_tcpip_netif_send_udp_packet
                        0x1002'9b5f      0x52  Code  Gb  um_opener_port_tcpip_netif.o [18]
um_serial_io_uart_open  0x1002'9e79      0x5a  Code  Gb  um_serial_io_uart.o [21]
um_serial_io_uart_write
                        0x1002'9ed3      0x40  Code  Gb  um_serial_io_uart.o [21]
user_uart_callback      0x1002'9f13      0x26  Code  Gb  um_serial_io_uart.o [21]
uxCurrentNumberOfTasks  0x100b'6ed4       0x4  Data  Lc  tasks.o [1]
uxDeletedTasksWaitingCleanUp
                        0x100b'6ebc       0x4  Data  Lc  tasks.o [1]
uxListRemove            0x1002'ab35      0x26  Code  Gb  list.o [1]
uxQueueMessagesWaiting  0x1001'4349      0x18  Code  Gb  queue.o [1]
uxSchedulerSuspended    0x100b'6efc       0x4  Data  Lc  tasks.o [1]
uxTaskNumber            0x100b'6ef0       0x4  Data  Lc  tasks.o [1]
uxTaskResetEventItemValue
                        0x1001'f761      0x16  Code  Gb  tasks.o [1]
uxTopReadyPriority      0x100b'6edc       0x4  Data  Lc  tasks.o [1]
vApplicationGetIdleTaskMemory
                        0x1001'0f71      0x18  Code  Wk  main.o [2]
vApplicationGetIdleTaskMemory::uxIdleTaskStack
                        0x100a'11c0     0x400  Data  Lc  main.o [2]
vApplicationGetIdleTaskMemory::xIdleTaskTCB
                        0x100a'1158      0x68  Data  Lc  main.o [2]
vApplicationGetTimerTaskMemory
                        0x1001'0f89      0x18  Code  Wk  main.o [2]
vApplicationGetTimerTaskMemory::uxTimerTaskStack
                        0x100a'1628     0x400  Data  Lc  main.o [2]
vApplicationGetTimerTaskMemory::xTimerTaskTCB
                        0x100a'15c0      0x68  Data  Lc  main.o [2]
vApplicationIRQHandler  0x1001'3a17       0x8  Code  Gb  port.o [1]
vApplicationIdleHook    0x1002'ac51       0xc  Code  Wk  port.o [1]
vEtherISRCallback       0x1002'6943      0x3e  Code  Gb  um_ether_netif_ether.o [11]
vListInitialise         0x1002'aac3      0x1e  Code  Gb  list.o [1]
vListInitialiseItem     0x1002'aae1       0x6  Code  Gb  list.o [1]
vListInsert             0x1002'aaff      0x36  Code  Gb  list.o [1]
vListInsertEnd          0x1002'aae7      0x18  Code  Gb  list.o [1]
vPortClearInterruptMask
                        0x1001'3941      0x28  Code  Gb  port.o [1]
vPortEnterCritical      0x1001'3889      0x24  Code  Gb  port.o [1]
vPortExitCritical       0x1001'38ad      0x3a  Code  Gb  port.o [1]
vPortFree               0x1000'af65      0x5c  Code  Gb  heap_4.o [1]
vPortRestoreTaskContext
                        0x1001'3ae0      0x64  Code  Gb  port.o [1]
vPortSetupTimerInterrupt
                        0x1001'39b9      0x5e  Code  Gb  port.o [1]
vPortValidateInterruptPriority
                        0x1001'399d      0x1a  Code  Gb  port.o [1]
vQueueAddToRegistry     0x1001'44f1      0x24  Code  Gb  queue.o [1]
vQueueDelete            0x1001'4361      0x20  Code  Gb  queue.o [1]
vQueueUnregisterQueue   0x1001'4515      0x26  Code  Gb  queue.o [1]
vQueueWaitForMessageRestricted
                        0x1001'4541      0x4a  Code  Gb  queue.o [1]
vTaskDelay              0x1001'ed99      0x2e  Code  Gb  tasks.o [1]
vTaskInternalSetTimeOutState
                        0x1001'f3c5      0x12  Code  Gb  tasks.o [1]
vTaskMissedYield        0x1001'f45d       0xa  Code  Gb  tasks.o [1]
vTaskNotifyGiveFromISR  0x1001'f8bd      0x8e  Code  Gb  tasks.o [1]
vTaskPlaceOnEventList   0x1001'f281      0x20  Code  Gb  tasks.o [1]
vTaskPlaceOnEventListRestricted
                        0x1001'f2d5      0x2a  Code  Gb  tasks.o [1]
vTaskPlaceOnUnorderedEventList
                        0x1001'f2a1      0x34  Code  Gb  tasks.o [1]
vTaskPriorityDisinheritAfterTimeout
                        0x1001'f6e9      0x78  Code  Gb  tasks.o [1]
vTaskRemoveFromUnorderedEventList
                        0x1001'f36d      0x58  Code  Gb  tasks.o [1]
vTaskResume             0x1001'eefd      0x60  Code  Gb  tasks.o [1]
vTaskSetThreadLocalStoragePointer
                        0x1001'f489      0x1e  Code  Gb  tasks.o [1]
vTaskStartScheduler     0x1001'ef5d      0x80  Code  Gb  tasks.o [1]
vTaskSuspend            0x1001'ee3d      0x94  Code  Gb  tasks.o [1]
vTaskSuspendAll         0x1001'efdd       0xc  Code  Gb  tasks.o [1]
vTaskSwitchContext      0x1001'f21d      0x64  Code  Gb  tasks.o [1]
vsprintf                0x1002'bb7b      0x36  Code  Gb  vsprintf.o [26]
xActiveTimerList1       0x100b'6f60      0x14  Data  Lc  timers.o [1]
xActiveTimerList2       0x100b'6f74      0x14  Data  Lc  timers.o [1]
xBlockAllocatedBit      0x1009'75e0       0x4  Data  Lc  heap_4.o [1]
xDelayedTaskList1       0x100b'6e64      0x14  Data  Lc  tasks.o [1]
xDelayedTaskList2       0x100b'6e78      0x14  Data  Lc  tasks.o [1]
xEventGroupCreate       0x1000'accd      0x20  Code  Gb  event_groups.o [1]
xEventGroupSetBits      0x1000'adc9      0x90  Code  Gb  event_groups.o [1]
xEventGroupWaitBits     0x1000'aced      0xda  Code  Gb  event_groups.o [1]
xFreeBytesRemaining     0x1009'75d0       0x4  Data  Lc  heap_4.o [1]
xHeapStructSize         0x1002'eadc       0x4  Data  Lc  heap_4.o [1]
xIdleTaskHandle         0x100b'6ef8       0x4  Data  Lc  tasks.o [1]
xInsideISR              0x100b'6dbc       0x4  Data  Gb  sys_arch.o [14]
xMinimumEverFreeBytesRemaining
                        0x1009'75d4       0x4  Data  Lc  heap_4.o [1]
xNextTaskUnblockTime    0x100b'6ef4       0x4  Data  Lc  tasks.o [1]
xNumOfOverflows         0x100b'6eec       0x4  Data  Lc  tasks.o [1]
xNumberOfSuccessfulAllocations
                        0x1009'75d8       0x4  Data  Lc  heap_4.o [1]
xNumberOfSuccessfulFrees
                        0x1009'75dc       0x4  Data  Lc  heap_4.o [1]
xPendedTicks            0x100b'6ee4       0x4  Data  Lc  tasks.o [1]
xPendingReadyList       0x100b'6e94      0x14  Data  Lc  tasks.o [1]
xPortGetFreeHeapSize    0x1000'afc1       0x6  Code  Gb  heap_4.o [1]
xPortStartScheduler     0x1001'3801      0x88  Code  Gb  port.o [1]
xQueueCreateCountingSemaphoreStatic
                        0x1001'3e4d      0x26  Code  Gb  queue.o [1]
xQueueCreateMutex       0x1001'3e33      0x1a  Code  Gb  queue.o [1]
xQueueGenericCreate     0x1001'3dbd      0x3c  Code  Gb  queue.o [1]
xQueueGenericCreateStatic
                        0x1001'3d71      0x4a  Code  Gb  queue.o [1]
xQueueGenericReset      0x1001'3d01      0x70  Code  Gb  queue.o [1]
xQueueGenericSend       0x1001'3e75     0x10c  Code  Gb  queue.o [1]
xQueueGenericSendFromISR
                        0x1001'3f81      0x96  Code  Gb  queue.o [1]
xQueueGiveFromISR       0x1001'4019      0x7a  Code  Gb  queue.o [1]
xQueueReceive           0x1001'4095      0xfc  Code  Gb  queue.o [1]
xQueueReceiveFromISR    0x1001'42c9      0x7e  Code  Gb  queue.o [1]
xQueueRegistry          0x100b'66b4      0x50  Data  Gb  queue.o [1]
xQueueSemaphoreTake     0x1001'4191     0x136  Code  Gb  queue.o [1]
xSchedulerRunning       0x100b'6ee0       0x4  Data  Lc  tasks.o [1]
xStart                  0x1009'75c4       0x8  Data  Lc  heap_4.o [1]
xSuspendedTaskList      0x100b'6ec0      0x14  Data  Lc  tasks.o [1]
xTaskAbortDelay         0x1001'f0b5      0x82  Code  Gb  tasks.o [1]
xTaskCheckForTimeOut    0x1001'f3dd      0x7c  Code  Gb  tasks.o [1]
xTaskCreate             0x1001'ebef      0x6e  Code  Gb  tasks.o [1]
xTaskCreateStatic       0x1001'eb95      0x5a  Code  Gb  tasks.o [1]
xTaskGenericNotify      0x1001'f7ed      0xc0  Code  Gb  tasks.o [1]
xTaskGetCurrentTaskHandle
                        0x1001'f5c1       0x8  Code  Gb  tasks.o [1]
xTaskGetSchedulerState  0x1001'f5c9      0x20  Code  Gb  tasks.o [1]
xTaskGetTickCount       0x1001'f0ad       0x8  Code  Gb  tasks.o [1]
xTaskIncrementTick      0x1001'f139      0xe2  Code  Gb  tasks.o [1]
xTaskPriorityDisinherit
                        0x1001'f679      0x6c  Code  Gb  tasks.o [1]
xTaskPriorityInherit    0x1001'f5f5      0x80  Code  Gb  tasks.o [1]
xTaskRemoveFromEventList
                        0x1001'f301      0x6c  Code  Gb  tasks.o [1]
xTaskResumeAll          0x1001'efe9      0xc4  Code  Gb  tasks.o [1]
xTasksWaitingTermination
                        0x100b'6ea8      0x14  Data  Lc  tasks.o [1]
xTickCount              0x100b'6ed8       0x4  Data  Lc  tasks.o [1]
xTimerCreate            0x1002'439d      0x36  Code  Gb  timers.o [1]
xTimerCreateTimerTask   0x1002'4341      0x5c  Code  Gb  timers.o [1]
xTimerGenericCommand    0x1002'441d      0x56  Code  Gb  timers.o [1]
xTimerQueue             0x100b'6f90       0x4  Data  Lc  timers.o [1]
xTimerTaskHandle        0x100b'6f94       0x4  Data  Lc  timers.o [1]
xYieldPending           0x100b'6ee8       0x4  Data  Lc  tasks.o [1]


[1] = C:\Users\a5134085\Desktop\r01an6603xx0210-rzn2l_ethernetip_opener_package\project\rzn2l_rsk\CR52\ewarm\xSPI0\opener_single\Debug\Obj\Components_1604507766316068082.dir
[2] = C:\Users\a5134085\Desktop\r01an6603xx0210-rzn2l_ethernetip_opener_package\project\rzn2l_rsk\CR52\ewarm\xSPI0\opener_single\Debug\Obj\Generated Data_10512379876834115868.dir
[3] = C:\Users\a5134085\Desktop\r01an6603xx0210-rzn2l_ethernetip_opener_package\project\rzn2l_rsk\CR52\ewarm\xSPI0\opener_single\Debug\Obj\Program Entry_7190525443123924260.dir
[4] = C:\Users\a5134085\Desktop\r01an6603xx0210-rzn2l_ethernetip_opener_package\project\rzn2l_rsk\CR52\ewarm\xSPI0\opener_single\Debug\Obj\api_2541802280061515766.dir
[5] = C:\Users\a5134085\Desktop\r01an6603xx0210-rzn2l_ethernetip_opener_package\project\rzn2l_rsk\CR52\ewarm\xSPI0\opener_single\Debug\Obj\application_12919719396149713729.dir
[6] = C:\Users\a5134085\Desktop\r01an6603xx0210-rzn2l_ethernetip_opener_package\project\rzn2l_rsk\CR52\ewarm\xSPI0\opener_single\Debug\Obj\cip_2391109551968270175.dir
[7] = C:\Users\a5134085\Desktop\r01an6603xx0210-rzn2l_ethernetip_opener_package\project\rzn2l_rsk\CR52\ewarm\xSPI0\opener_single\Debug\Obj\cip_safety_157284552815217082.dir
[8] = C:\Users\a5134085\Desktop\r01an6603xx0210-rzn2l_ethernetip_opener_package\project\rzn2l_rsk\CR52\ewarm\xSPI0\opener_single\Debug\Obj\core_6552084633726456197.dir
[9] = C:\Users\a5134085\Desktop\r01an6603xx0210-rzn2l_ethernetip_opener_package\project\rzn2l_rsk\CR52\ewarm\xSPI0\opener_single\Debug\Obj\dlr_13061517428028732080.dir
[10] = C:\Users\a5134085\Desktop\r01an6603xx0210-rzn2l_ethernetip_opener_package\project\rzn2l_rsk\CR52\ewarm\xSPI0\opener_single\Debug\Obj\enet_encap_14773694456473567121.dir
[11] = C:\Users\a5134085\Desktop\r01an6603xx0210-rzn2l_ethernetip_opener_package\project\rzn2l_rsk\CR52\ewarm\xSPI0\opener_single\Debug\Obj\ether_netif_14533915170975194461.dir
[12] = C:\Users\a5134085\Desktop\r01an6603xx0210-rzn2l_ethernetip_opener_package\project\rzn2l_rsk\CR52\ewarm\xSPI0\opener_single\Debug\Obj\ipv4_3278815491278556079.dir
[13] = C:\Users\a5134085\Desktop\r01an6603xx0210-rzn2l_ethernetip_opener_package\project\rzn2l_rsk\CR52\ewarm\xSPI0\opener_single\Debug\Obj\lwip_lldp_3439130842454350798.dir
[14] = C:\Users\a5134085\Desktop\r01an6603xx0210-rzn2l_ethernetip_opener_package\project\rzn2l_rsk\CR52\ewarm\xSPI0\opener_single\Debug\Obj\lwip_osal_8126535385804713492.dir
[15] = C:\Users\a5134085\Desktop\r01an6603xx0210-rzn2l_ethernetip_opener_package\project\rzn2l_rsk\CR52\ewarm\xSPI0\opener_single\Debug\Obj\lwip_port_2015064369848331378.dir
[16] = C:\Users\a5134085\Desktop\r01an6603xx0210-rzn2l_ethernetip_opener_package\project\rzn2l_rsk\CR52\ewarm\xSPI0\opener_single\Debug\Obj\netif_2854332287049972544.dir
[17] = C:\Users\a5134085\Desktop\r01an6603xx0210-rzn2l_ethernetip_opener_package\project\rzn2l_rsk\CR52\ewarm\xSPI0\opener_single\Debug\Obj\opener_15056152673520077099.dir
[18] = C:\Users\a5134085\Desktop\r01an6603xx0210-rzn2l_ethernetip_opener_package\project\rzn2l_rsk\CR52\ewarm\xSPI0\opener_single\Debug\Obj\opener_port_583142552242748834.dir
[19] = C:\Users\a5134085\Desktop\r01an6603xx0210-rzn2l_ethernetip_opener_package\project\rzn2l_rsk\CR52\ewarm\xSPI0\opener_single\Debug\Obj\polarssl_8806538889189738793.dir
[20] = C:\Users\a5134085\Desktop\r01an6603xx0210-rzn2l_ethernetip_opener_package\project\rzn2l_rsk\CR52\ewarm\xSPI0\opener_single\Debug\Obj\ppp_90132744967425518.dir
[21] = C:\Users\a5134085\Desktop\r01an6603xx0210-rzn2l_ethernetip_opener_package\project\rzn2l_rsk\CR52\ewarm\xSPI0\opener_single\Debug\Obj\serial_io_16663271160901886216.dir
[22] = C:\Users\a5134085\Desktop\r01an6603xx0210-rzn2l_ethernetip_opener_package\project\rzn2l_rsk\CR52\ewarm\xSPI0\opener_single\Debug\Obj\snmp_12300922817261695773.dir
[23] = C:\Users\a5134085\Desktop\r01an6603xx0210-rzn2l_ethernetip_opener_package\project\rzn2l_rsk\CR52\ewarm\xSPI0\opener_single\Debug\Obj\snmp_2899959613236848051.dir
[24] = C:\Users\a5134085\Desktop\r01an6603xx0210-rzn2l_ethernetip_opener_package\project\rzn2l_rsk\CR52\ewarm\xSPI0\opener_single\Debug\Obj\snmp_private_mib_11307279147771871451.dir
[25] = C:\Users\a5134085\Desktop\r01an6603xx0210-rzn2l_ethernetip_opener_package\project\rzn2l_rsk\CR52\ewarm\xSPI0\opener_single\Debug\Obj\utils_11158544238594103396.dir
[26] = dl7Sx_tlf.a
[27] = m7Sx_tlv.a
[28] = rt7Sx_tl.a
[29] = sh7Sxi_l.a

       56 bytes of readonly  code memory
  188'842 bytes of readwrite code memory
  208'444 bytes of readonly  data memory
  612'651 bytes of readwrite data memory

Errors: none
Warnings: none
